Archive member included because of file (symbol)

contiki-sky.a(rimeaddr.o)     obj_sky/contiki-sky-main.o (rimeaddr_copy)
contiki-sky.a(rime.o)         obj_sky/contiki-sky-main.o (rime_driver)
contiki-sky.a(announcement.o)
                              contiki-sky.a(rime.o) (announcement_init)
contiki-sky.a(broadcast-annou)
                              contiki-sky.a(rime.o) (broadcast_announcement_init)
contiki-sky.a(broadcast.o)    contiki-sky.a(broadcast-annou) (broadcast_open)
contiki-sky.a(abc.o)          contiki-sky.a(broadcast.o) (abc_open)
contiki-sky.a(chameleon.o)    contiki-sky.a(rime.o) (chameleon_init)
contiki-sky.a(channel.o)      contiki-sky.a(chameleon.o) (channel_init)
contiki-sky.a(chameleon-bitop)
                              contiki-sky.a(chameleon.o) (chameleon_bitopt)
contiki-sky.a(csma.o)         obj_sky/contiki-sky-main.o (csma_driver)
contiki-sky.a(contikimac.o)   obj_sky/contiki-sky-main.o (contikimac_driver)
contiki-sky.a(phase.o)        contiki-sky.a(contikimac.o) (phase_update)
contiki-sky.a(process.o)      obj_sky/contiki-sky-main.o (process_init)
contiki-sky.a(autostart.o)    obj_sky/contiki-sky-main.o (autostart_start)
contiki-sky.a(compower.o)     contiki-sky.a(contikimac.o) (compower_accumulate)
contiki-sky.a(serial-line.o)  obj_sky/contiki-sky-main.o (serial_line_input_byte)
contiki-sky.a(memb.o)         contiki-sky.a(csma.o) (memb_init)
contiki-sky.a(timer.o)        obj_sky/contiki-sky-main.o (timer_set)
contiki-sky.a(list.o)         contiki-sky.a(announcement.o) (list_init)
contiki-sky.a(etimer.o)       obj_sky/contiki-sky-main.o (etimer_process)
contiki-sky.a(ctimer.o)       obj_sky/contiki-sky-main.o (ctimer_init)
contiki-sky.a(energest.o)     obj_sky/contiki-sky-main.o (energest_init)
contiki-sky.a(rtimer.o)       obj_sky/contiki-sky-main.o (rtimer_init)
contiki-sky.a(random.o)       obj_sky/contiki-sky-main.o (random_init)
contiki-sky.a(ringbuf.o)      contiki-sky.a(serial-line.o) (ringbuf_init)
contiki-sky.a(nbr-table.o)    contiki-sky.a(phase.o) (nbr_table_register)
contiki-sky.a(packetbuf.o)    contiki-sky.a(contikimac.o) (packetbuf_hdr_remove)
contiki-sky.a(queuebuf.o)     contiki-sky.a(rime.o) (queuebuf_init)
contiki-sky.a(contiki-sky-pla)
                              obj_sky/contiki-sky-main.o (init_platform)
contiki-sky.a(button-sensor.o)
                              contiki-sky.a(contiki-sky-pla) (button_sensor)
contiki-sky.a(ds2411.o)       obj_sky/contiki-sky-main.o (ds2411_init)
contiki-sky.a(xmem.o)         obj_sky/contiki-sky-main.o (xmem_init)
contiki-sky.a(node-id.o)      obj_sky/contiki-sky-main.o (node_id_restore)
contiki-sky.a(sensors.o)      contiki-sky.a(button-sensor.o) (sensors_changed)
contiki-sky.a(cc2420.o)       obj_sky/contiki-sky-main.o (cc2420_set_channel)
contiki-sky.a(cc2420-aes.o)   hashsig-app.co (cc2420_aes_set_key)
contiki-sky.a(cc2420-arch.o)  contiki-sky.a(cc2420.o) (cc2420_arch_init)
contiki-sky.a(uart1.o)        obj_sky/contiki-sky-main.o (uart1_active)
contiki-sky.a(uart1-putchar.o)
                              obj_sky/contiki-sky-main.o (putchar)
contiki-sky.a(msp430.o)       contiki-sky.a(uart1.o) (msp430_add_lpm_req)
contiki-sky.a(clock.o)        hashsig-app.co (clock_time)
contiki-sky.a(leds.o)         obj_sky/contiki-sky-main.o (leds_init)
contiki-sky.a(leds-arch.o)    contiki-sky.a(leds.o) (leds_arch_init)
contiki-sky.a(watchdog.o)     obj_sky/contiki-sky-main.o (watchdog_start)
contiki-sky.a(rtimer-arch.o)  contiki-sky.a(rtimer.o) (rtimer_arch_init)
contiki-sky.a(mac.o)          contiki-sky.a(csma.o) (mac_call_sent_callback)
contiki-sky.a(framer-802154.o)
                              contiki-sky.a(contikimac.o) (framer_802154)
contiki-sky.a(spi.o)          contiki-sky.a(xmem.o) (spi_init)
contiki-sky.a(frame802154.o)  contiki-sky.a(framer-802154.o) (frame802154_hdrlen)
/usr/bin/../lib/gcc/msp430/4.6.3/mmpy-16/libgcc.a(_mulsi3.o)
                              hashsig-app.co (__mulsi3)
/usr/bin/../lib/gcc/msp430/4.6.3/mmpy-16/libgcc.a(_udivmod16.o)
                              contiki-sky.a(phase.o) (__umodhi3)
/usr/bin/../lib/gcc/msp430/4.6.3/mmpy-16/libgcc.a(_divmod16.o)
                              contiki-sky.a(nbr-table.o) (__divhi3)
/usr/bin/../lib/gcc/msp430/4.6.3/mmpy-16/libgcc.a(_udivmod32.o)
                              obj_sky/contiki-sky-main.o (__udivsi3)
/usr/bin/../lib/gcc/msp430/4.6.3/../../../../msp430/lib/mmpy-16/libc.a(strncmp.o)
                              contiki-sky.a(sensors.o) (strncmp)
/usr/bin/../lib/gcc/msp430/4.6.3/../../../../msp430/lib/mmpy-16/libc.a(memcmp.o)
                              hashsig-app.co (memcmp)
/usr/bin/../lib/gcc/msp430/4.6.3/../../../../msp430/lib/mmpy-16/libc.a(memcpy.o)
                              hashsig-app.co (memcpy)
/usr/bin/../lib/gcc/msp430/4.6.3/../../../../msp430/lib/mmpy-16/libc.a(memset.o)
                              hashsig-app.co (memset)
/usr/bin/../lib/gcc/msp430/4.6.3/../../../../msp430/lib/mmpy-16/libc.a(printf.o)
[...]
Memory Configuration

Name             Origin             Length             Attributes
sfr              0x00000000         0x00000010
peripheral_8bit  0x00000010         0x000000f0
peripheral_16bit 0x00000100         0x00000100
ram_mirror       0x00000200         0x00000800         xw
infomem          0x00001000         0x00000100
infob            0x00001000         0x00000080
infoa            0x00001080         0x00000080
ram              0x00001100         0x00002800         xw
rom              0x00004000         0x0000bfe0         xr
vectors          0x0000ffe0         0x00000020
bsl              0x00000000         0x00000000
infoc            0x00000000         0x00000000
infod            0x00000000         0x00000000
ram2             0x00000000         0x00000000         xw
usbram           0x00000000         0x00000000         xw
far_rom          0x00000000         0x00000000
*default*        0x00000000         0xffffffff

Linker script and memory map

LOAD /usr/bin/../lib/gcc/msp430/4.6.3/mmpy-16/crt0ivtbl16.o
LOAD hashsig-app.co
LOAD obj_sky/contiki-sky-main.o
LOAD contiki-sky.a
LOAD /usr/bin/../lib/gcc/msp430/4.6.3/mmpy-16/libgcc.a
LOAD /usr/bin/../lib/gcc/msp430/4.6.3/../../../../msp430/lib/mmpy-16/libc.a
LOAD /usr/bin/../lib/gcc/msp430/4.6.3/mmpy-16/libgcc.a
LOAD /usr/bin/../lib/gcc/msp430/4.6.3/mmpy-16/libcrt0.a
                0x00000080                PROVIDE (__info_segment_size, 0x80)
                0x00001000                PROVIDE (__infob, 0x1000)
                0x00001080                PROVIDE (__infoa, 0x1080)
                0x00000000                __IE1 = 0x0
                0x00000002                __IFG1 = 0x2
                0x00000004                __ME1 = 0x4
                0x00000001                __IE2 = 0x1
                0x00000003                __IFG2 = 0x3
                0x00000005                __ME2 = 0x5
                0x00000120                __WDTCTL = 0x120
                0x00000130                __MPY = 0x130
                0x00000132                __MPYS = 0x132
                0x00000134                __MAC = 0x134
                0x00000136                __MACS = 0x136
                0x00000138                __OP2 = 0x138
                0x0000013a                __RESLO = 0x13a
                0x0000013c                __RESHI = 0x13c
                0x0000013e                __SUMEXT = 0x13e
                0x00000020                __P1IN = 0x20
                0x00000021                __P1OUT = 0x21
                0x00000022                __P1DIR = 0x22
                0x00000023                __P1IFG = 0x23
                0x00000024                __P1IES = 0x24
                0x00000025                __P1IE = 0x25
                0x00000026                __P1SEL = 0x26
                0x00000028                __P2IN = 0x28
                0x00000029                __P2OUT = 0x29
                0x0000002a                __P2DIR = 0x2a
                0x0000002b                __P2IFG = 0x2b
                0x0000002c                __P2IES = 0x2c
                0x0000002d                __P2IE = 0x2d
                0x0000002e                __P2SEL = 0x2e
                0x00000018                __P3IN = 0x18
                0x00000019                __P3OUT = 0x19
                0x0000001a                __P3DIR = 0x1a
                0x0000001b                __P3SEL = 0x1b
                0x0000001c                __P4IN = 0x1c
                0x0000001d                __P4OUT = 0x1d
                0x0000001e                __P4DIR = 0x1e
                0x0000001f                __P4SEL = 0x1f
                0x00000030                __P5IN = 0x30
                0x00000031                __P5OUT = 0x31
                0x00000032                __P5DIR = 0x32
                0x00000033                __P5SEL = 0x33
                0x00000034                __P6IN = 0x34
                0x00000035                __P6OUT = 0x35
                0x00000036                __P6DIR = 0x36
                0x00000037                __P6SEL = 0x37
                0x00000070                __U0CTL = 0x70
                0x00000071                __U0TCTL = 0x71
                0x00000072                __U0RCTL = 0x72
                0x00000073                __U0MCTL = 0x73
                0x00000074                __U0BR0 = 0x74
                0x00000075                __U0BR1 = 0x75
                0x00000076                __U0RXBUF = 0x76
                0x00000077                __U0TXBUF = 0x77
                0x00000078                __U1CTL = 0x78
                0x00000079                __U1TCTL = 0x79
                0x0000007a                __U1RCTL = 0x7a
                0x0000007b                __U1MCTL = 0x7b
                0x0000007c                __U1BR0 = 0x7c
                0x0000007d                __U1BR1 = 0x7d
                0x0000007e                __U1RXBUF = 0x7e
                0x0000007f                __U1TXBUF = 0x7f
                0x00000050                __I2CIE = 0x50
                0x00000051                __I2CIFG = 0x51
                0x00000052                __I2CNDAT = 0x52
                0x00000071                __I2CTCTL = 0x71
                0x00000072                __I2CDCTL = 0x72
                0x00000073                __I2CPSC = 0x73
                0x00000074                __I2CSCLH = 0x74
                0x00000075                __I2CSCLL = 0x75
                0x00000076                __I2CDRB = 0x76
                0x00000076                __I2CDRW = 0x76
                0x00000118                __I2COA = 0x118
                0x0000011a                __I2CSA = 0x11a
                0x0000011c                __I2CIV = 0x11c
                0x0000012e                __TAIV = 0x12e
                0x00000160                __TACTL = 0x160
                0x00000162                __TACCTL0 = 0x162
                0x00000164                __TACCTL1 = 0x164
                0x00000166                __TACCTL2 = 0x166
                0x00000170                __TAR = 0x170
                0x00000172                __TACCR0 = 0x172
                0x00000174                __TACCR1 = 0x174
                0x00000176                __TACCR2 = 0x176
                0x0000011e                __TBIV = 0x11e
                0x00000180                __TBCTL = 0x180
                0x00000182                __TBCCTL0 = 0x182
                0x00000184                __TBCCTL1 = 0x184
                0x00000186                __TBCCTL2 = 0x186
                0x00000188                __TBCCTL3 = 0x188
                0x0000018a                __TBCCTL4 = 0x18a
                0x0000018c                __TBCCTL5 = 0x18c
                0x0000018e                __TBCCTL6 = 0x18e
                0x00000190                __TBR = 0x190
                0x00000192                __TBCCR0 = 0x192
                0x00000194                __TBCCR1 = 0x194
                0x00000196                __TBCCR2 = 0x196
                0x00000198                __TBCCR3 = 0x198
                0x0000019a                __TBCCR4 = 0x19a
                0x0000019c                __TBCCR5 = 0x19c
                0x0000019e                __TBCCR6 = 0x19e
                0x00000056                __DCOCTL = 0x56
                0x00000057                __BCSCTL1 = 0x57
                0x00000058                __BCSCTL2 = 0x58
                0x00000055                __SVSCTL = 0x55
                0x00000128                __FCTL1 = 0x128
                0x0000012a                __FCTL2 = 0x12a
                0x0000012c                __FCTL3 = 0x12c
                0x00000059                __CACTL1 = 0x59
                0x0000005a                __CACTL2 = 0x5a
                0x0000005b                __CAPD = 0x5b
                0x000001a0                __ADC12CTL0 = 0x1a0
                0x000001a2                __ADC12CTL1 = 0x1a2
                0x000001a4                __ADC12IFG = 0x1a4
                0x000001a6                __ADC12IE = 0x1a6
                0x000001a8                __ADC12IV = 0x1a8
                0x00000140                __ADC12MEM0 = 0x140
                0x00000142                __ADC12MEM1 = 0x142
                0x00000144                __ADC12MEM2 = 0x144
                0x00000146                __ADC12MEM3 = 0x146
                0x00000148                __ADC12MEM4 = 0x148
                0x0000014a                __ADC12MEM5 = 0x14a
                0x0000014c                __ADC12MEM6 = 0x14c
                0x0000014e                __ADC12MEM7 = 0x14e
                0x00000150                __ADC12MEM8 = 0x150
                0x00000152                __ADC12MEM9 = 0x152
                0x00000154                __ADC12MEM10 = 0x154
                0x00000156                __ADC12MEM11 = 0x156
                0x00000158                __ADC12MEM12 = 0x158
                0x0000015a                __ADC12MEM13 = 0x15a
                0x0000015c                __ADC12MEM14 = 0x15c
                0x0000015e                __ADC12MEM15 = 0x15e
                0x00000080                __ADC12MCTL0 = 0x80
                0x00000081                __ADC12MCTL1 = 0x81
                0x00000082                __ADC12MCTL2 = 0x82
                0x00000083                __ADC12MCTL3 = 0x83
                0x00000084                __ADC12MCTL4 = 0x84
                0x00000085                __ADC12MCTL5 = 0x85
                0x00000086                __ADC12MCTL6 = 0x86
                0x00000087                __ADC12MCTL7 = 0x87
                0x00000088                __ADC12MCTL8 = 0x88
                0x00000089                __ADC12MCTL9 = 0x89
                0x0000008a                __ADC12MCTL10 = 0x8a
                0x0000008b                __ADC12MCTL11 = 0x8b
                0x0000008c                __ADC12MCTL12 = 0x8c
                0x0000008d                __ADC12MCTL13 = 0x8d
                0x0000008e                __ADC12MCTL14 = 0x8e
                0x0000008f                __ADC12MCTL15 = 0x8f
                0x000001c0                __DAC12_0CTL = 0x1c0
                0x000001c2                __DAC12_1CTL = 0x1c2
                0x000001c8                __DAC12_0DAT = 0x1c8
                0x000001ca                __DAC12_1DAT = 0x1ca
                0x00000122                __DMACTL0 = 0x122
                0x00000124                __DMACTL1 = 0x124
                0x000001e0                __DMA0CTL = 0x1e0
                0x000001e8                __DMA1CTL = 0x1e8
                0x000001f0                __DMA2CTL = 0x1f0
                0x000001e2                __DMA0SA = 0x1e2
                0x000001e4                __DMA0DA = 0x1e4
                0x000001e6                __DMA0SZ = 0x1e6
                0x000001ea                __DMA1SA = 0x1ea
                0x000001ec                __DMA1DA = 0x1ec
                0x000001ee                __DMA1SZ = 0x1ee
                0x000001f2                __DMA2SA = 0x1f2
                0x000001f4                __DMA2DA = 0x1f4
                0x000001f6                __DMA2SZ = 0x1f6

.hash
 *(.hash)

.dynsym
 *(.dynsym)

.dynstr
 *(.dynstr)

.gnu.version
 *(.gnu.version)

.gnu.version_d
 *(.gnu.version_d)

.gnu.version_r
 *(.gnu.version_r)

.rel.init
 *(.rel.init)

.rela.init
 *(.rela.init)

.rel.fini
 *(.rel.fini)

.rela.fini
 *(.rela.fini)

.rel.text
 *(.rel.text .rel.text.* .rel.gnu.linkonce.t.*)

.rela.text
 *(.rela.text .rela.text.* .rela.gnu.linkonce.t.*)

.rel.rodata
 *(.rel.rodata .rel.rodata.* .rel.gnu.linkonce.r.*)

.rela.rodata
 *(.rela.rodata .rela.rodata.* .rela.gnu.linkonce.r.*)

.rel.data
 *(.rel.data .rel.data.* .rel.gnu.linkonce.d.*)

.rela.data
 *(.rela.data .rela.data.* .rela.gnu.linkonce.d.*)

.rel.bss
 *(.rel.bss .rel.bss.* .rel.gnu.linkonce.b.*)

.rela.bss
 *(.rela.bss .rela.bss.* .rela.gnu.linkonce.b.*)

.rel.ctors
 *(.rel.ctors)

.rela.ctors
 *(.rela.ctors)

.rel.dtors
 *(.rel.dtors)

.rela.dtors
 *(.rela.dtors)

.rel.got
 *(.rel.got)

.rela.got
 *(.rela.got)

.rel.plt
 *(.rel.plt)

.rela.plt
 *(.rela.plt)

.text           0x00004000     0x689c
                0x00004000                . = ALIGN (0x2)
 *(.init .init.*)
 *(.init0)
 .init0         0x00004000        0x0 /usr/bin/../lib/gcc/msp430/4.6.3/mmpy-16/libcrt0.a(_reset_vector__.o)
                0x00004000                _reset_vector__
 *(.init1)
 .init1         0x00004000        0xc /usr/bin/../lib/gcc/msp430/4.6.3/mmpy-16/libcrt0.a(__watchdog_support.o)
                0x00004000                __watchdog_support
 *(.init2)
 .init2         0x0000400c        0x4 /usr/bin/../lib/gcc/msp430/4.6.3/mmpy-16/libcrt0.a(__init_stack.o)
                0x0000400c                __init_stack
 *(.init3)
 .init3         0x00004010        0x0 /usr/bin/../lib/gcc/msp430/4.6.3/mmpy-16/libcrt0.a(__low_level_init.o)
                0x00004010                __low_level_init
 *(.init4)
 .init4         0x00004010       0x18 /usr/bin/../lib/gcc/msp430/4.6.3/mmpy-16/libcrt0.a(_copy_data.o)
                0x00004010                __do_copy_data
 .init4         0x00004028       0x16 /usr/bin/../lib/gcc/msp430/4.6.3/mmpy-16/libcrt0.a(_clear_bss.o)
                0x00004028                __do_clear_bss
 *(.init5)
 *(.init6)
 *(.init7)
 *(.init8)
 *(.init9)
 .init9         0x0000403e      0x302 obj_sky/contiki-sky-main.o
                0x0000403e                main
 *(.fini9)
 .fini9         0x00004340        0x0 /usr/bin/../lib/gcc/msp430/4.6.3/mmpy-16/libcrt0.a(__stop_progExec__.o)
                0x00004340                __stop_progExec__
 *(.fini8)
 *(.fini7)
 *(.fini6)
 *(.fini5)
 *(.fini4)
 *(.fini3)
 *(.fini2)
 *(.fini1)
 *(.fini0)
 .fini0         0x00004340        0x6 /usr/bin/../lib/gcc/msp430/4.6.3/mmpy-16/libcrt0.a(_endless_loop__.o)
                0x00004340                _endless_loop__
 *(.fini .fini.*)
                0x00004346                . = ALIGN (0x2)
                0x00004346                __ctors_start = .
 *(.ctors)
                0x00004346                __ctors_end = .
                0x00004346                __dtors_start = .
 *(.dtors)
                0x00004346                __dtors_end = .
                0x00004346                . = ALIGN (0x2)
 *(.text .text.* .gnu.linkonce.t.*)
 .text          0x00004346        0x4 /usr/bin/../lib/gcc/msp430/4.6.3/mmpy-16/crt0ivtbl16.o
                0x00004346                __isr_14
                0x00004346                __isr_11
                0x00004346                __isr_2
                0x00004346                __isr_7
                0x00004346                __isr_0
                0x00004346                __isr_8
                0x00004346                __isr_3
                0x00004346                __isr_12
                0x00004346                __isr_13
                0x00004346                __isr_9
 .text.cleanup  0x0000434a       0x10 hashsig-app.co
                0x0000434a                cleanup
 .text._stack_push
                0x0000435a       0x2a hashsig-app.co
                0x0000435a                _stack_push
 .text._stack_pop
                0x00004384       0x2a hashsig-app.co
                0x00004384                _stack_pop
 .text.init_state
                0x000043ae       0x22 hashsig-app.co
                0x000043ae                init_state
 .text._treehash_set_tailheight
                0x000043d0       0x16 hashsig-app.co
                0x000043d0                _treehash_set_tailheight
 .text._treehash_height
                0x000043e6       0x40 hashsig-app.co
                0x000043e6                _treehash_height
 .text._retain_push
                0x00004426       0x46 hashsig-app.co
                0x00004426                _retain_push
 .text._retain_pop
                0x0000446c       0x5a hashsig-app.co
                0x0000446c                _retain_pop
 .text._init_state
                0x000044c6       0xa4 hashsig-app.co
                0x000044c6                _init_state
 .text.AES_encrypt
                0x0000456a       0x2e hashsig-app.co
                0x0000456a                AES_encrypt
 .text.hash16   0x00004598       0x14 hashsig-app.co
                0x00004598                hash16
 .text.winternitz_2_keygen
                0x000045ac      0x10e hashsig-app.co
                0x000045ac                winternitz_2_keygen
 .text.MMO_init
                0x000046ba       0x16 hashsig-app.co
                0x000046ba                MMO_init
 .text.MMO_update
                0x000046d0       0xe6 hashsig-app.co
                0x000046d0                MMO_update
 .text.absorb   0x000047b6        0xa hashsig-app.co
                0x000047b6                absorb
 .text.MMO_final
                0x000047c0       0xfc hashsig-app.co
                0x000047c0                MMO_final
 .text.squeeze  0x000048bc        0xa hashsig-app.co
                0x000048bc                squeeze
 .text._get_parent
                0x000048c6       0x5a hashsig-app.co
                0x000048c6                _get_parent
 .text._get_pkey
                0x00004920       0x5e hashsig-app.co
                0x00004920                _get_pkey
 .text.winternitz_2_verify
                0x0000497e      0x264 hashsig-app.co
                0x0000497e                winternitz_2_verify
 .text.mss_verify
                0x00004be2       0x84 hashsig-app.co
                0x00004be2                mss_verify
 .text.winternitz_2_sign
                0x00004c66      0x30c hashsig-app.co
                0x00004c66                winternitz_2_sign
 .text.create_leaf
                0x00004f72       0x66 hashsig-app.co
                0x00004f72                create_leaf
 .text.mss_keygen
                0x00004fd8       0xd2 hashsig-app.co
                0x00004fd8                mss_keygen
 .text._treehash_update
                0x000050aa      0x184 hashsig-app.co
                0x000050aa                _treehash_update
 .text._nextAuth
                0x0000522e      0x1f4 hashsig-app.co
                0x0000522e                _nextAuth
 .text.mss_sign
                0x00005422      0x104 hashsig-app.co
                0x00005422                mss_sign
 .text.davies_meyer_init
                0x00005526       0x10 hashsig-app.co
                0x00005526                davies_meyer_init
 .text.do_benchmark
                0x00005536      0x132 hashsig-app.co
                0x00005536                do_benchmark
 .text.process_thread_bench_hashsig_process
                0x00005668       0x80 hashsig-app.co
 .text.rimeaddr_copy
                0x000056e8        0xc contiki-sky.a(rimeaddr.o)
                0x000056e8                rimeaddr_copy
 .text.rimeaddr_cmp
                0x000056f4       0x12 contiki-sky.a(rimeaddr.o)
                0x000056f4                rimeaddr_cmp
 .text.rimeaddr_set_node_addr
                0x00005706        0xc contiki-sky.a(rimeaddr.o)
                0x00005706                rimeaddr_set_node_addr
 .text.input    0x00005712       0x3a contiki-sky.a(rime.o)
 .text.init     0x0000574c       0x2e contiki-sky.a(rime.o)
 .text.packet_sent
                0x0000577a       0x44 contiki-sky.a(rime.o)
 .text.rime_output
                0x000057be       0x24 contiki-sky.a(rime.o)
                0x000057be                rime_output
 .text.announcement_init
                0x000057e2        0xa contiki-sky.a(announcement.o)
                0x000057e2                announcement_init
 .text.announcement_register_observer_callback
                0x000057ec        0x6 contiki-sky.a(announcement.o)
                0x000057ec                announcement_register_observer_callback
 .text.announcement_list
                0x000057f2        0xa contiki-sky.a(announcement.o)
                0x000057f2                announcement_list
 .text.announcement_heard
                0x000057fc       0x42 contiki-sky.a(announcement.o)
                0x000057fc                announcement_heard
 .text.adv_packet_sent
                0x0000583e        0x2 contiki-sky.a(broadcast-annou)
 .text.adv_packet_received
                0x00005840       0x66 contiki-sky.a(broadcast-annou)
 .text.set_timers
                0x000058a6       0x4a contiki-sky.a(broadcast-annou)
 .text.send_timer
                0x000058f0       0x36 contiki-sky.a(broadcast-annou)
 .text.new_announcement
                0x00005926       0x18 contiki-sky.a(broadcast-annou)
 .text.send_adv
                0x0000593e       0x66 contiki-sky.a(broadcast-annou)
 .text.broadcast_announcement_init
                0x000059a4       0x48 contiki-sky.a(broadcast-annou)
                0x000059a4                broadcast_announcement_init
 .text.sent_by_abc
                0x000059ec       0x10 contiki-sky.a(broadcast.o)
 .text.recv_from_abc
                0x000059fc       0x26 contiki-sky.a(broadcast.o)
 .text.broadcast_open
                0x00005a22       0x2a contiki-sky.a(broadcast.o)
                0x00005a22                broadcast_open
 .text.broadcast_send
                0x00005a4c       0x1a contiki-sky.a(broadcast.o)
                0x00005a4c                broadcast_send
 .text.abc_open
                0x00005a66       0x26 contiki-sky.a(abc.o)
                0x00005a66                abc_open
 .text.abc_send
                0x00005a8c        0x6 contiki-sky.a(abc.o)
                0x00005a8c                abc_send
 .text.abc_input
                0x00005a92        0xe contiki-sky.a(abc.o)
                0x00005a92                abc_input
 .text.abc_sent
                0x00005aa0       0x10 contiki-sky.a(abc.o)
                0x00005aa0                abc_sent
 .text.chameleon_init
                0x00005ab0        0x6 contiki-sky.a(chameleon.o)
                0x00005ab0                chameleon_init
 .text.chameleon_parse
                0x00005ab6       0x10 contiki-sky.a(chameleon.o)
                0x00005ab6                chameleon_parse
 .text.chameleon_create
                0x00005ac6       0x1c contiki-sky.a(chameleon.o)
                0x00005ac6                chameleon_create
 .text.chameleon_hdrsize
                0x00005ae2        0x6 contiki-sky.a(chameleon.o)
                0x00005ae2                chameleon_hdrsize
 .text.channel_init
                0x00005ae8        0xa contiki-sky.a(channel.o)
                0x00005ae8                channel_init
 .text.channel_open
                0x00005af2       0x10 contiki-sky.a(channel.o)
                0x00005af2                channel_open
 .text.channel_lookup
                0x00005b02       0x20 contiki-sky.a(channel.o)
                0x00005b02                channel_lookup
 .text.channel_set_attributes
                0x00005b22       0x24 contiki-sky.a(channel.o)
                0x00005b22                channel_set_attributes
 .text.header_size
                0x00005b46       0x16 contiki-sky.a(chameleon-bitop)
 .text.get_bits_in_byte
                0x00005b5c       0x3a contiki-sky.a(chameleon-bitop)
                0x00005b5c                get_bits_in_byte
 .text.get_bits
                0x00005b96       0xa4 contiki-sky.a(chameleon-bitop)
                0x00005b96                get_bits
 .text.unpack_header
                0x00005c3a       0xd6 contiki-sky.a(chameleon-bitop)
 .text.set_bits_in_byte
                0x00005d10       0x2c contiki-sky.a(chameleon-bitop)
                0x00005d10                set_bits_in_byte
 .text.set_bits
                0x00005d3c       0xd2 contiki-sky.a(chameleon-bitop)
                0x00005d3c                set_bits
 .text.pack_header
                0x00005e0e       0xbc contiki-sky.a(chameleon-bitop)
 .text.input_packet
                0x00005eca        0x6 contiki-sky.a(csma.o)
 .text.on       0x00005ed0        0x6 contiki-sky.a(csma.o)
 .text.off      0x00005ed6        0x6 contiki-sky.a(csma.o)
 .text.channel_check_interval
                0x00005edc       0x10 contiki-sky.a(csma.o)
 .text.transmit_packet_list
                0x00005eec       0x24 contiki-sky.a(csma.o)
 .text.send_packet
                0x00005f10      0x162 contiki-sky.a(csma.o)
 .text.init     0x00006072       0x1a contiki-sky.a(csma.o)
 .text.free_packet
                0x0000608c       0x98 contiki-sky.a(csma.o)
 .text.packet_sent
                0x00006124      0x12e contiki-sky.a(csma.o)
 .text.duty_cycle
                0x00006252        0x6 contiki-sky.a(contikimac.o)
 .text.init     0x00006258       0x2e contiki-sky.a(contikimac.o)
 .text.on       0x00006286       0x1a contiki-sky.a(contikimac.o)
 .text.off      0x000062a0       0x22 contiki-sky.a(contikimac.o)
 .text.recv_burst_off
                0x000062c2        0xa contiki-sky.a(contikimac.o)
 .text.turn_off
                0x000062cc       0x20 contiki-sky.a(contikimac.o)
 .text.turn_on  0x000062ec       0x30 contiki-sky.a(contikimac.o)
 .text.schedule_powercycle_fixed.part.4
                0x0000631c       0x36 contiki-sky.a(contikimac.o)
 .text.powercycle_turn_radio_off
                0x00006352       0x30 contiki-sky.a(contikimac.o)
 .text.powercycle
                0x00006382      0x1da contiki-sky.a(contikimac.o)
 .text.input_packet
                0x0000655c      0x128 contiki-sky.a(contikimac.o)
 .text.send_packet
                0x00006684      0x2c4 contiki-sky.a(contikimac.o)
 .text.qsend_packet
                0x00006948       0x28 contiki-sky.a(contikimac.o)
 .text.qsend_list
                0x00006970       0x84 contiki-sky.a(contikimac.o)
 .text.send_packet
                0x000069f4       0x44 contiki-sky.a(phase.o)
 .text.phase_update
                0x00006a38       0x90 contiki-sky.a(phase.o)
                0x00006a38                phase_update
 .text.phase_wait
                0x00006ac8       0xf6 contiki-sky.a(phase.o)
                0x00006ac8                phase_wait
 .text.phase_init
                0x00006bbe       0x14 contiki-sky.a(phase.o)
                0x00006bbe                phase_init
 .text.call_process
                0x00006bd2       0x4a contiki-sky.a(process.o)
 .text.exit_process
                0x00006c1c       0x96 contiki-sky.a(process.o)
 .text.do_poll  0x00006cb2       0x30 contiki-sky.a(process.o)
 .text.process_alloc_event
                0x00006ce2        0xe contiki-sky.a(process.o)
                0x00006ce2                process_alloc_event
 .text.process_init
                0x00006cf0       0x1c contiki-sky.a(process.o)
                0x00006cf0                process_init
 .text.process_run
                0x00006d0c       0xa2 contiki-sky.a(process.o)
                0x00006d0c                process_run
 .text.process_nevents
                0x00006dae        0xe contiki-sky.a(process.o)
                0x00006dae                process_nevents
 .text.process_post
                0x00006dbc       0x54 contiki-sky.a(process.o)
                0x00006dbc                process_post
 .text.process_post_synch
                0x00006e10       0x12 contiki-sky.a(process.o)
                0x00006e10                process_post_synch
 .text.process_start
                0x00006e22       0x32 contiki-sky.a(process.o)
                0x00006e22                process_start
 .text.process_poll
                0x00006e54       0x18 contiki-sky.a(process.o)
                0x00006e54                process_poll
 .text.autostart_start
                0x00006e6c       0x16 contiki-sky.a(autostart.o)
                0x00006e6c                autostart_start
 .text.compower_accumulate
                0x00006e82       0x72 contiki-sky.a(compower.o)
                0x00006e82                compower_accumulate
 .text.compower_clear
                0x00006ef4       0x12 contiki-sky.a(compower.o)
                0x00006ef4                compower_clear
 .text.compower_attrconv
                0x00006f06       0x10 contiki-sky.a(compower.o)
                0x00006f06                compower_attrconv
 .text.process_thread_serial_line_process
                0x00006f16       0x9c contiki-sky.a(serial-line.o)
 .text.serial_line_input_byte
                0x00006fb2       0x4a contiki-sky.a(serial-line.o)
                0x00006fb2                serial_line_input_byte
 .text.serial_line_init
                0x00006ffc       0x1c contiki-sky.a(serial-line.o)
                0x00006ffc                serial_line_init
 .text.memb_init
                0x00007018       0x36 contiki-sky.a(memb.o)
                0x00007018                memb_init
 .text.memb_alloc
                0x0000704e       0x3e contiki-sky.a(memb.o)
                0x0000704e                memb_alloc
 .text.memb_free
                0x0000708c       0x3a contiki-sky.a(memb.o)
                0x0000708c                memb_free
 .text.memb_inmemb
                0x000070c6       0x2e contiki-sky.a(memb.o)
                0x000070c6                memb_inmemb
 .text.timer_set
                0x000070f4       0x1c contiki-sky.a(timer.o)
                0x000070f4                timer_set
 .text.timer_reset
                0x00007110        0xe contiki-sky.a(timer.o)
                0x00007110                timer_reset
 .text.timer_expired
                0x0000711e       0x2a contiki-sky.a(timer.o)
                0x0000711e                timer_expired
 .text.list_init
                0x00007148        0x6 contiki-sky.a(list.o)
                0x00007148                list_init
 .text.list_head
                0x0000714e        0x4 contiki-sky.a(list.o)
                0x0000714e                list_head
 .text.list_tail
                0x00007152       0x12 contiki-sky.a(list.o)
                0x00007152                list_tail
 .text.list_remove
                0x00007164       0x34 contiki-sky.a(list.o)
                0x00007164                list_remove
 .text.list_push
                0x00007198       0x1a contiki-sky.a(list.o)
                0x00007198                list_push
 .text.list_add
                0x000071b2       0x2a contiki-sky.a(list.o)
                0x000071b2                list_add
 .text.list_length
                0x000071dc       0x10 contiki-sky.a(list.o)
                0x000071dc                list_length
 .text.list_item_next
                0x000071ec        0xc contiki-sky.a(list.o)
                0x000071ec                list_item_next
 .text.update_time
                0x000071f8       0x78 contiki-sky.a(etimer.o)
 .text.etimer_request_poll
                0x00007270        0xa contiki-sky.a(etimer.o)
                0x00007270                etimer_request_poll
 .text.process_thread_etimer_process
                0x0000727a       0xc8 contiki-sky.a(etimer.o)
 .text.add_timer
                0x00007342       0x40 contiki-sky.a(etimer.o)
 .text.etimer_set
                0x00007382       0x12 contiki-sky.a(etimer.o)
                0x00007382                etimer_set
 .text.etimer_reset
                0x00007394       0x12 contiki-sky.a(etimer.o)
                0x00007394                etimer_reset
 .text.etimer_pending
                0x000073a6        0xc contiki-sky.a(etimer.o)
                0x000073a6                etimer_pending
 .text.etimer_next_expiration_time
                0x000073b2       0x16 contiki-sky.a(etimer.o)
                0x000073b2                etimer_next_expiration_time
 .text.etimer_stop
                0x000073c8       0x3c contiki-sky.a(etimer.o)
                0x000073c8                etimer_stop
 .text.process_thread_ctimer_process
                0x00007404       0xa4 contiki-sky.a(ctimer.o)
 .text.ctimer_init
                0x000074a8       0x18 contiki-sky.a(ctimer.o)
                0x000074a8                ctimer_init
 .text.ctimer_set
                0x000074c0       0x5a contiki-sky.a(ctimer.o)
                0x000074c0                ctimer_set
 .text.ctimer_reset
                0x0000751a       0x3a contiki-sky.a(ctimer.o)
                0x0000751a                ctimer_reset
 .text.ctimer_stop
                0x00007554       0x28 contiki-sky.a(ctimer.o)
                0x00007554                ctimer_stop
 .text.energest_init
                0x0000757c       0x28 contiki-sky.a(energest.o)
                0x0000757c                energest_init
 .text.energest_type_time
                0x000075a4       0x46 contiki-sky.a(energest.o)
                0x000075a4                energest_type_time
 .text.energest_type_set
                0x000075ea        0xe contiki-sky.a(energest.o)
                0x000075ea                energest_type_set
 .text.energest_flush
                0x000075f8       0x48 contiki-sky.a(energest.o)
                0x000075f8                energest_flush
 .text.rtimer_init
                0x00007640        0x6 contiki-sky.a(rtimer.o)
                0x00007640                rtimer_init
 .text.rtimer_set
                0x00007646       0x24 contiki-sky.a(rtimer.o)
                0x00007646                rtimer_set
 .text.rtimer_run_next
                0x0000766a       0x26 contiki-sky.a(rtimer.o)
                0x0000766a                rtimer_run_next
 .text.random_init
                0x00007690        0x6 contiki-sky.a(random.o)
                0x00007690                random_init
 .text.random_rand
                0x00007696        0x6 contiki-sky.a(random.o)
                0x00007696                random_rand
 .text.ringbuf_init
                0x0000769c       0x14 contiki-sky.a(ringbuf.o)
                0x0000769c                ringbuf_init
 .text.ringbuf_put
                0x000076b0       0x38 contiki-sky.a(ringbuf.o)
                0x000076b0                ringbuf_put
 .text.ringbuf_get
                0x000076e8       0x32 contiki-sky.a(ringbuf.o)
                0x000076e8                ringbuf_get
 .text.index_from_key
                0x0000771a       0x40 contiki-sky.a(nbr-table.o)
 .text.item_from_key
                0x0000775a       0x34 contiki-sky.a(nbr-table.o)
 .text.nbr_set_bit
                0x0000778e       0x8e contiki-sky.a(nbr-table.o)
 .text.index_from_lladdr
                0x0000781c       0x42 contiki-sky.a(nbr-table.o)
 .text.nbr_get_bit.constprop.0
                0x0000785e       0x62 contiki-sky.a(nbr-table.o)
 .text.nbr_table_register
                0x000078c0       0x28 contiki-sky.a(nbr-table.o)
                0x000078c0                nbr_table_register
 .text.nbr_table_add_lladdr
                0x000078e8      0x144 contiki-sky.a(nbr-table.o)
                0x000078e8                nbr_table_add_lladdr
 .text.nbr_table_get_from_lladdr
                0x00007a2c       0x48 contiki-sky.a(nbr-table.o)
                0x00007a2c                nbr_table_get_from_lladdr
 .text.nbr_table_remove
                0x00007a74       0x32 contiki-sky.a(nbr-table.o)
                0x00007a74                nbr_table_remove
 .text.packetbuf_copyto_hdr
                0x00007aa6       0x1c contiki-sky.a(packetbuf.o)
                0x00007aa6                packetbuf_copyto_hdr
 .text.packetbuf_copyto
                0x00007ac2       0x52 contiki-sky.a(packetbuf.o)
                0x00007ac2                packetbuf_copyto
 .text.packetbuf_hdr_remove
                0x00007b14        0x6 contiki-sky.a(packetbuf.o)
                0x00007b14                packetbuf_hdr_remove
 .text.packetbuf_hdrreduce
                0x00007b1a       0x1a contiki-sky.a(packetbuf.o)
                0x00007b1a                packetbuf_hdrreduce
 .text.packetbuf_set_datalen
                0x00007b34        0x6 contiki-sky.a(packetbuf.o)
                0x00007b34                packetbuf_set_datalen
 .text.packetbuf_dataptr
                0x00007b3a        0xe contiki-sky.a(packetbuf.o)
                0x00007b3a                packetbuf_dataptr
 .text.packetbuf_hdrptr
                0x00007b48        0xa contiki-sky.a(packetbuf.o)
                0x00007b48                packetbuf_hdrptr
 .text.packetbuf_is_reference
                0x00007b52        0xe contiki-sky.a(packetbuf.o)
                0x00007b52                packetbuf_is_reference
 .text.packetbuf_compact
                0x00007b60       0x48 contiki-sky.a(packetbuf.o)
                0x00007b60                packetbuf_compact
 .text.packetbuf_reference_ptr
                0x00007ba8        0x6 contiki-sky.a(packetbuf.o)
                0x00007ba8                packetbuf_reference_ptr
 .text.packetbuf_datalen
                0x00007bae        0x6 contiki-sky.a(packetbuf.o)
                0x00007bae                packetbuf_datalen
 .text.packetbuf_totlen
                0x00007bb4       0x10 contiki-sky.a(packetbuf.o)
                0x00007bb4                packetbuf_totlen
 .text.packetbuf_hdralloc
                0x00007bc4       0x2e contiki-sky.a(packetbuf.o)
                0x00007bc4                packetbuf_hdralloc
 .text.packetbuf_attr_clear
                0x00007bf2       0x2c contiki-sky.a(packetbuf.o)
                0x00007bf2                packetbuf_attr_clear
 .text.packetbuf_clear
                0x00007c1e       0x1a contiki-sky.a(packetbuf.o)
                0x00007c1e                packetbuf_clear
 .text.packetbuf_copyfrom
                0x00007c38       0x2e contiki-sky.a(packetbuf.o)
                0x00007c38                packetbuf_copyfrom
 .text.packetbuf_attr_copyto
                0x00007c66       0x20 contiki-sky.a(packetbuf.o)
                0x00007c66                packetbuf_attr_copyto
 .text.packetbuf_attr_copyfrom
                0x00007c86       0x22 contiki-sky.a(packetbuf.o)
                0x00007c86                packetbuf_attr_copyfrom
 .text.queuebuf_init
                0x00007ca8       0x1a contiki-sky.a(queuebuf.o)
                0x00007ca8                queuebuf_init
 .text.queuebuf_new_from_packetbuf
                0x00007cc2       0x7e contiki-sky.a(queuebuf.o)
                0x00007cc2                queuebuf_new_from_packetbuf
 .text.queuebuf_update_attr_from_packetbuf
                0x00007d40       0x12 contiki-sky.a(queuebuf.o)
                0x00007d40                queuebuf_update_attr_from_packetbuf
 .text.queuebuf_free
                0x00007d52       0x40 contiki-sky.a(queuebuf.o)
                0x00007d52                queuebuf_free
 .text.queuebuf_to_packetbuf
                0x00007d92       0x6e contiki-sky.a(queuebuf.o)
                0x00007d92                queuebuf_to_packetbuf
 .text.queuebuf_attr
                0x00007e00        0xe contiki-sky.a(queuebuf.o)
                0x00007e00                queuebuf_attr
 .text.init_platform
                0x00007e0e        0xc contiki-sky.a(contiki-sky-pla)
                0x00007e0e                init_platform
 .text.status   0x00007e1a       0x16 contiki-sky.a(button-sensor.o)
 .text.configure
                0x00007e30       0x52 contiki-sky.a(button-sensor.o)
 .text.value    0x00007e82       0x22 contiki-sky.a(button-sensor.o)
 .text.irq_p2   0x00007ea4       0x8a contiki-sky.a(button-sensor.o)
                0x00007ea4                irq_p2
                0x00007ea4                __isr_1
 .text.owreadb  0x00007f2e       0x52 contiki-sky.a(ds2411.o)
 .text.ds2411_init
                0x00007f80      0x122 contiki-sky.a(ds2411.o)
                0x00007f80                ds2411_init
 .text.wait_ready
                0x000080a2       0x50 contiki-sky.a(xmem.o)
 .text.xmem_init
                0x000080f2       0x3e contiki-sky.a(xmem.o)
                0x000080f2                xmem_init
 .text.xmem_pread
                0x00008130       0xea contiki-sky.a(xmem.o)
                0x00008130                xmem_pread
 .text.node_id_restore
                0x0000821a       0x38 contiki-sky.a(node-id.o)
                0x0000821a                node_id_restore
 .text.process_thread_sensors_process
                0x00008252       0xbe contiki-sky.a(sensors.o)
 .text.sensors_changed
                0x00008310       0x2a contiki-sky.a(sensors.o)
                0x00008310                sensors_changed
 .text.strobe   0x0000833a       0x20 contiki-sky.a(cc2420.o)
 .text.status   0x0000835a       0x26 contiki-sky.a(cc2420.o)
 .text.getreg   0x00008380       0x54 contiki-sky.a(cc2420.o)
 .text.setreg   0x000083d4       0x52 contiki-sky.a(cc2420.o)
 .text.set_txpower
                0x00008426       0x26 contiki-sky.a(cc2420.o)
 .text.cc2420_receiving_packet
                0x0000844c        0xe contiki-sky.a(cc2420.o)
 .text.pending_packet
                0x0000845a        0x8 contiki-sky.a(cc2420.o)
 .text.on       0x00008462       0x40 contiki-sky.a(cc2420.o)
 .text.flushrx  0x000084a2       0x7a contiki-sky.a(cc2420.o)
 .text.off      0x0000851c       0x72 contiki-sky.a(cc2420.o)
 .text.RELEASE_LOCK
                0x0000858e       0x28 contiki-sky.a(cc2420.o)
 .text.cc2420_prepare
                0x000085b6       0x8a contiki-sky.a(cc2420.o)
 .text.getrxdata
                0x00008640       0x56 contiki-sky.a(cc2420.o)
 .text.cc2420_on
                0x00008696       0x22 contiki-sky.a(cc2420.o)
                0x00008696                cc2420_on
 .text.cc2420_off
                0x000086b8       0x30 contiki-sky.a(cc2420.o)
                0x000086b8                cc2420_off
 .text.cc2420_cca
                0x000086e8       0x74 contiki-sky.a(cc2420.o)
 .text.cc2420_read
                0x0000875c       0xe6 contiki-sky.a(cc2420.o)
 .text.process_thread_cc2420_process
                0x00008842       0x50 contiki-sky.a(cc2420.o)
 .text.cc2420_set_channel
                0x00008892       0x78 contiki-sky.a(cc2420.o)
                0x00008892                cc2420_set_channel
 .text.cc2420_set_pan_addr
                0x0000890a      0x14a contiki-sky.a(cc2420.o)
                0x0000890a                cc2420_set_pan_addr
 .text.cc2420_init
                0x00008a54       0xd0 contiki-sky.a(cc2420.o)
                0x00008a54                cc2420_init
 .text.cc2420_interrupt
                0x00008b24       0x20 contiki-sky.a(cc2420.o)
                0x00008b24                cc2420_interrupt
 .text.cc2420_get_txpower
                0x00008b44       0x1e contiki-sky.a(cc2420.o)
                0x00008b44                cc2420_get_txpower
 .text.cc2420_transmit
                0x00008b62      0x1a0 contiki-sky.a(cc2420.o)
 .text.cc2420_send
                0x00008d02       0x12 contiki-sky.a(cc2420.o)
 .text.cc2420_aes_set_key
                0x00008d14       0xa2 contiki-sky.a(cc2420-aes.o)
                0x00008d14                cc2420_aes_set_key
 .text.cc2420_aes_cipher
                0x00008db6      0x1ce contiki-sky.a(cc2420-aes.o)
                0x00008db6                cc2420_aes_cipher
 .text.cc2420_port1_interrupt
                0x00008f84       0x62 contiki-sky.a(cc2420-arch.o)
                0x00008f84                __isr_4
                0x00008f84                cc2420_port1_interrupt
 .text.cc2420_arch_init
                0x00008fe6       0x1a contiki-sky.a(cc2420-arch.o)
                0x00008fe6                cc2420_arch_init
 .text.handle_rxdma_timer
                0x00009000       0x3a contiki-sky.a(uart1.o)
 .text.uart1_active
                0x0000903a       0x1a contiki-sky.a(uart1.o)
                0x0000903a                uart1_active
 .text.uart1_set_input
                0x00009054       0x20 contiki-sky.a(uart1.o)
                0x00009054                uart1_set_input
 .text.uart1_writeb
                0x00009074       0x1a contiki-sky.a(uart1.o)
                0x00009074                uart1_writeb
 .text.uart1_init
                0x0000908e       0xf6 contiki-sky.a(uart1.o)
                0x0000908e                uart1_init
 .text.putchar  0x00009184       0x10 contiki-sky.a(uart1-putchar.o)
                0x00009184                putchar
 .text.msp430_init_dco
                0x00009194       0x84 contiki-sky.a(msp430.o)
                0x00009194                msp430_init_dco
 .text.msp430_add_lpm_req
                0x00009218        0xc contiki-sky.a(msp430.o)
                0x00009218                msp430_add_lpm_req
 .text.msp430_cpu_init
                0x00009224       0x2a contiki-sky.a(msp430.o)
                0x00009224                msp430_cpu_init
 .text.splhigh_
                0x0000924e        0x8 contiki-sky.a(msp430.o)
                0x0000924e                splhigh_
 .text.msp430_sync_dco
                0x00009256       0x68 contiki-sky.a(msp430.o)
                0x00009256                msp430_sync_dco
 .text.timera1  0x000092be       0xfe contiki-sky.a(clock.o)
                0x000092be                __isr_5
                0x000092be                timera1
 .text.clock_time
                0x000093bc       0x1a contiki-sky.a(clock.o)
                0x000093bc                clock_time
 .text.clock_init
                0x000093d6       0x28 contiki-sky.a(clock.o)
                0x000093d6                clock_init
 .text.clock_delay
                0x000093fe        0xc contiki-sky.a(clock.o)
                0x000093fe                clock_delay
 .text.show_leds
                0x0000940a      0x100 contiki-sky.a(leds.o)
 .text.leds_init
                0x0000950a        0xe contiki-sky.a(leds.o)
                0x0000950a                leds_init
 .text.leds_on  0x00009518       0x14 contiki-sky.a(leds.o)
                0x00009518                leds_on
 .text.leds_off
                0x0000952c       0x14 contiki-sky.a(leds.o)
                0x0000952c                leds_off
 .text.leds_arch_init
                0x00009540        0xe contiki-sky.a(leds-arch.o)
                0x00009540                leds_arch_init
 .text.leds_arch_set
                0x0000954e       0x3a contiki-sky.a(leds-arch.o)
                0x0000954e                leds_arch_set
 .text.watchdog_interrupt
                0x00009588        0x6 contiki-sky.a(watchdog.o)
                0x00009588                __isr_10
                0x00009588                watchdog_interrupt
 .text.watchdog_start
                0x0000958e       0x14 contiki-sky.a(watchdog.o)
                0x0000958e                watchdog_start
 .text.watchdog_periodic
                0x000095a2       0x12 contiki-sky.a(watchdog.o)
                0x000095a2                watchdog_periodic
 .text.watchdog_stop
                0x000095b4       0x16 contiki-sky.a(watchdog.o)
                0x000095b4                watchdog_stop
 .text.watchdog_init
                0x000095ca       0x14 contiki-sky.a(watchdog.o)
                0x000095ca                watchdog_init
 .text.rtimer_arch_init
                0x000095de        0xe contiki-sky.a(rtimer-arch.o)
                0x000095de                rtimer_arch_init
 .text.rtimer_arch_now
                0x000095ec        0xe contiki-sky.a(rtimer-arch.o)
                0x000095ec                rtimer_arch_now
 .text.timera0  0x000095fa       0x70 contiki-sky.a(rtimer-arch.o)
                0x000095fa                __isr_6
                0x000095fa                timera0
 .text.rtimer_arch_schedule
                0x0000966a        0x6 contiki-sky.a(rtimer-arch.o)
                0x0000966a                rtimer_arch_schedule
 .text.mac_call_sent_callback
                0x00009670       0x14 contiki-sky.a(mac.o)
                0x00009670                mac_call_sent_callback
 .text.parse    0x00009684       0xaa contiki-sky.a(framer-802154.o)
 .text.create   0x0000972e      0x10a contiki-sky.a(framer-802154.o)
 .text.spi_init
                0x00009838       0x32 contiki-sky.a(spi.o)
                0x00009838                spi_init
 .text.field_len
                0x0000986a       0x98 contiki-sky.a(frame802154.o)
 .text.frame802154_hdrlen
                0x00009902       0x2e contiki-sky.a(frame802154.o)
                0x00009902                frame802154_hdrlen
 .text.frame802154_create
                0x00009930      0x172 contiki-sky.a(frame802154.o)
                0x00009930                frame802154_create
 .text.frame802154_parse
                0x00009aa2      0x1e8 contiki-sky.a(frame802154.o)
                0x00009aa2                frame802154_parse
 .text.libgcc   0x00009c8a       0x2c /usr/bin/../lib/gcc/msp430/4.6.3/mmpy-16/libgcc.a(_mulsi3.o)
                0x00009c8a                __mulsi3
 .text.libgcc   0x00009cb6       0x22 /usr/bin/../lib/gcc/msp430/4.6.3/mmpy-16/libgcc.a(_udivmod16.o)
                0x00009cb6                __udivhi3
                0x00009cb6                __ext_udivmod16
                0x00009cd0                __umodhi3
 .text.libgcc   0x00009cd8       0x3a /usr/bin/../lib/gcc/msp430/4.6.3/mmpy-16/libgcc.a(_divmod16.o)
                0x00009cd8                __ext_divmod16
                0x00009cd8                __divhi3
                0x00009d0a                __modhi3
 .text.libgcc   0x00009d12       0x40 /usr/bin/../lib/gcc/msp430/4.6.3/mmpy-16/libgcc.a(_udivmod32.o)
                0x00009d12                __udivsi3
                0x00009d12                __ext_udivmod32
                0x00009d48                __umodsi3
 .text          0x00009d52       0x20 /usr/bin/../lib/gcc/msp430/4.6.3/../../../../msp430/lib/mmpy-16/libc.a(memcmp.o)
                0x00009d52                memcmp
 .text          0x00009d72       0xfa /usr/bin/../lib/gcc/msp430/4.6.3/../../../../msp430/lib/mmpy-16/libc.a(memcpy.o)
                0x00009d72                memcpy
 .text          0x00009e6c       0x6a /usr/bin/../lib/gcc/msp430/4.6.3/../../../../msp430/lib/mmpy-16/libc.a(memset.o)
                0x00009e6c                memset
 .text          0x00009ed6       0x1e /usr/bin/../lib/gcc/msp430/4.6.3/../../../../msp430/lib/mmpy-16/libc.a(printf.o)
                0x00009ed6                printf
                0x00009ee6                vprintf
 .text          0x00009ef4      0x836 /usr/bin/../lib/gcc/msp430/4.6.3/../../../../msp430/lib/mmpy-16/libc.a(vuprintf.o)
                0x0000a08c                vuprintf
 .text          0x0000a72a       0x2c /usr/bin/../lib/gcc/msp430/4.6.3/../../../../msp430/lib/mmpy-16/libc.a(puts.o)
                0x0000a72a                puts
 .text          0x0000a756       0x54 /usr/bin/../lib/gcc/msp430/4.6.3/../../../../msp430/lib/mmpy-16/libc.a(rand.o)
                0x0000a756                rand_r
                0x0000a77a                rand
                0x0000a7a0                srand
 .text.libgcc   0x0000a7aa       0xf0 /usr/bin/../lib/gcc/msp430/4.6.3/mmpy-16/libgcc.a(_udivmod64.o)
                0x0000a7aa                __xabi_udivmod64
                0x0000a808                __udivdi3
                0x0000a82e                __umoddi3
                0x0000a85c                __udivmoddi4
 .text.crt0     0x0000a89a        0x2 /usr/bin/../lib/gcc/msp430/4.6.3/mmpy-16/libcrt0.a(_unexpected_.o)
                0x0000a89a                _unexpected_
                0x0000a89c                . = ALIGN (0x2)

.rodata         0x0000a89c      0x220
                0x0000a89c                . = ALIGN (0x2)
 *(.rodata .rodata.* .gnu.linkonce.r.*)
 .rodata        0x0000a89c       0x7e hashsig-app.co
                0x0000a900                autostart_processes
 .rodata        0x0000a91a       0xd4 obj_sky/contiki-sky-main.o
 .rodata        0x0000a9ee        0x2 contiki-sky.a(rimeaddr.o)
                0x0000a9ee                rimeaddr_null
 .rodata        0x0000a9f0        0xc contiki-sky.a(rime.o)
                0x0000a9f6                rime_driver
 .rodata        0x0000a9fc        0x4 contiki-sky.a(broadcast-annou)
 .rodata        0x0000aa00        0x8 contiki-sky.a(broadcast.o)
 .rodata        0x0000aa08        0x2 contiki-sky.a(abc.o)
 .rodata        0x0000aa0a       0x10 contiki-sky.a(chameleon-bitop)
                0x0000aa0a                chameleon_bitopt
 .rodata        0x0000aa1a       0x14 contiki-sky.a(csma.o)
                0x0000aa20                csma_driver
 .rodata        0x0000aa2e       0x1c contiki-sky.a(contikimac.o)
                0x0000aa3a                contikimac_driver
 .rodata        0x0000aa4a        0xe contiki-sky.a(serial-line.o)
 .rodata        0x0000aa58        0xc contiki-sky.a(etimer.o)
 .rodata        0x0000aa64        0xf contiki-sky.a(ctimer.o)
 *fill*         0x0000aa73        0x1 00
 .rodata        0x0000aa74       0x10 contiki-sky.a(button-sensor.o)
                0x0000aa7c                button_sensor
 .rodata        0x0000aa84        0x8 contiki-sky.a(sensors.o)
 .rodata        0x0000aa8c       0x22 contiki-sky.a(cc2420.o)
                0x0000aa8c                cc2420_driver
 .rodata        0x0000aaae        0x4 contiki-sky.a(framer-802154.o)
                0x0000aaae                framer_802154
 .rodata        0x0000aab2        0x2 contiki-sky.a(frame802154.o)
 .rodata        0x0000aab4        0x7 /usr/bin/../lib/gcc/msp430/4.6.3/../../../../msp430/lib/mmpy-16/libc.a(vuprintf.o)
                0x0000aabc                . = ALIGN (0x2)
 *fill*         0x0000aabb        0x1 00
                0x0000aabc                _etext = .

.data           0x00001100       0x9c load address 0x0000aabc
                0x00001100                . = ALIGN (0x2)
                0x00001100                PROVIDE (__data_start, .)
 *(.data .data.* .gnu.linkonce.d.*)
 .data          0x00001100       0x18 hashsig-app.co
                0x00001100                bench_hashsig_process
                0x0000110a                M
 .data          0x00001118       0x18 contiki-sky.a(csma.o)
 .data          0x00001130       0x10 contiki-sky.a(phase.o)
 .data          0x00001140        0xa contiki-sky.a(serial-line.o)
                0x00001140                serial_line_process
 .data          0x0000114a        0xa contiki-sky.a(etimer.o)
                0x0000114a                etimer_process
 .data          0x00001154        0xa contiki-sky.a(ctimer.o)
                0x00001154                ctimer_process
 .data          0x0000115e        0x8 contiki-sky.a(nbr-table.o)
 .data          0x00001166       0x18 contiki-sky.a(queuebuf.o)
 .data          0x0000117e        0x4 contiki-sky.a(contiki-sky-pla)
                0x0000117e                sensors
 .data          0x00001182        0xa contiki-sky.a(sensors.o)
                0x00001182                sensors_process
 .data          0x0000118c        0xa contiki-sky.a(cc2420.o)
                0x0000118c                cc2420_process
 .data          0x00001196        0x2 contiki-sky.a(msp430.o)
 .data          0x00001198        0x4 /usr/bin/../lib/gcc/msp430/4.6.3/../../../../msp430/lib/mmpy-16/libc.a(rand.o)
                0x0000119c                . = ALIGN (0x2)
                0x0000119c                _edata = .
                0x0000aabc                PROVIDE (__data_load_start, LOADADDR (.data))
                0x0000009c                PROVIDE (__data_size, SIZEOF (.data))

.bss            0x0000119c     0x1aa0 load address 0x0000ab58
                0x0000119c                PROVIDE (__bss_start, .)
 *(.bss .bss.*)
 .bss           0x0000119c        0x2 hashsig-app.co
                0x0000119c                pos
 .bss           0x0000119e        0xc obj_sky/contiki-sky-main.o
 .bss           0x000011aa        0x2 contiki-sky.a(rime.o)
 .bss           0x000011ac        0x6 contiki-sky.a(announcement.o)
 .bss           0x000011b2       0x46 contiki-sky.a(broadcast-annou)
 .bss           0x000011f8        0x2 contiki-sky.a(channel.o)
 .bss           0x000011fa      0x126 contiki-sky.a(csma.o)
 .bss           0x00001320       0x74 contiki-sky.a(contikimac.o)
 .bss           0x00001394      0x148 contiki-sky.a(phase.o)
 .bss           0x000014dc       0x42 contiki-sky.a(process.o)
                0x000014dc                process_current
                0x000014de                process_list
 .bss           0x0000151e        0x8 contiki-sky.a(compower.o)
 .bss           0x00001526      0x10a contiki-sky.a(serial-line.o)
 .bss           0x00001630        0x6 contiki-sky.a(etimer.o)
 .bss           0x00001636        0x4 contiki-sky.a(ctimer.o)
 .bss           0x0000163a        0x2 contiki-sky.a(rtimer.o)
 .bss           0x0000163c       0x4c contiki-sky.a(nbr-table.o)
 .bss           0x00001688       0xba contiki-sky.a(packetbuf.o)
 .bss           0x00001742      0xc4e contiki-sky.a(queuebuf.o)
 .bss           0x00002390        0x8 contiki-sky.a(button-sensor.o)
 .bss           0x00002398        0x2 contiki-sky.a(node-id.o)
                0x00002398                node_id
 .bss           0x0000239a        0x6 contiki-sky.a(sensors.o)
 .bss           0x000023a0        0xa contiki-sky.a(cc2420.o)
 .bss           0x000023aa       0x9a contiki-sky.a(uart1.o)
 .bss           0x00002444        0xa contiki-sky.a(clock.o)
 .bss           0x0000244e        0x2 contiki-sky.a(leds.o)
 .bss           0x00002450        0x2 contiki-sky.a(watchdog.o)
 .bss           0x00002452        0x2 contiki-sky.a(framer-802154.o)
 *(COMMON)
 COMMON         0x00002454      0x72a hashsig-app.co
                0x00002454                h1
                0x00002464                authpath
                0x000024c8                aux
                0x000024d8                seedPos
                0x000024e8                state
                0x00002636                h2
                0x00002646                pkey
                0x00002656                seed
                0x00002666                nodes
                0x0000268e                currentLeaf
                0x000026a2                sponges
                0x0000273e                sig
 COMMON         0x00002b7e        0x2 contiki-sky.a(rimeaddr.o)
                0x00002b7e                rimeaddr_node_addr
 COMMON         0x00002b80        0x1 contiki-sky.a(process.o)
                0x00002b80                process_maxevents
 *fill*         0x00002b81        0x1 00
 COMMON         0x00002b82        0x8 contiki-sky.a(compower.o)
                0x00002b82                compower_idle_activity
 COMMON         0x00002b8a        0x1 contiki-sky.a(serial-line.o)
                0x00002b8a                serial_line_event_message
 *fill*         0x00002b8b        0x1 00
 COMMON         0x00002b8c       0x56 contiki-sky.a(energest.o)
                0x00002b8c                energest_total_time
                0x00002bbc                energest_total_count
                0x00002bbe                energest_current_mode
                0x00002bca                energest_current_time
 COMMON         0x00002be2       0x38 contiki-sky.a(packetbuf.o)
                0x00002be2                packetbuf_addrs
                0x00002bea                packetbuf_attrs
 COMMON         0x00002c1a        0x2 contiki-sky.a(contiki-sky-pla)
                0x00002c1a                sensors_flags
 COMMON         0x00002c1c        0x8 contiki-sky.a(ds2411.o)
                0x00002c1c                ds2411_id
 COMMON         0x00002c24        0x1 contiki-sky.a(sensors.o)
                0x00002c24                sensors_event
 *fill*         0x00002c25        0x1 00
 COMMON         0x00002c26       0x14 contiki-sky.a(cc2420.o)
                0x00002c26                cc2420_last_rssi
                0x00002c28                cc2420_packets_read
                0x00002c2a                cc2420_packets_seen
                0x00002c2c                cc2420_sfd_start_time
                0x00002c2e                cc2420_time_of_departure
                0x00002c30                cc2420_time_of_arrival
                0x00002c32                cc2420_last_correlation
                0x00002c34                cc2420_authority_level_of_sender
                0x00002c36                cc2420_sfd_counter
                0x00002c38                cc2420_sfd_end_time
 COMMON         0x00002c3a        0x2 contiki-sky.a(msp430.o)
                0x00002c3a                msp430_dco_required
                0x00002c3c                . = ALIGN (0x2)
                0x00002c3c                PROVIDE (__bss_end, .)
                0x00001aa0                PROVIDE (__bss_size, SIZEOF (.bss))

.noinit         0x00002c3c        0x2 load address 0x0000ab58
                0x00002c3c                PROVIDE (__noinit_start, .)
 *(.noinit .noinit.*)
 .noinit.crt0   0x00002c3c        0x2 /usr/bin/../lib/gcc/msp430/4.6.3/mmpy-16/libcrt0.a(__watchdog_support.o)
                0x00002c3c                __wdt_clear_value
                0x00002c3e                . = ALIGN (0x2)
                0x00002c3e                PROVIDE (__noinit_end, .)
                0x00002c3e                . = ALIGN (0x2)
                0x00002c3e                _end = .

.infomem        0x00001000        0x0
 *(.infomem)
                0x00001000                . = ALIGN (0x2)
 *(.infomem.*)

.infomemnobits  0x00001000        0x0
 *(.infomemnobits)
                0x00001000                . = ALIGN (0x2)
 *(.infomemnobits.*)

.infoa
 *(.infoa .infoa.*)

.infob
 *(.infob .infob.*)

.infoc
 *(.infoc .infoc.*)

.infod
 *(.infod .infod.*)

.vectors        0x0000ffe0       0x20
                0x0000ffe0                PROVIDE (__vectors_start, .)
 *(.vectors*)
 .vectors       0x0000ffe0       0x20 /usr/bin/../lib/gcc/msp430/4.6.3/mmpy-16/crt0ivtbl16.o
                0x0000ffe0                __ivtbl_16
                0x00010000                _vectors_end = .

.fartext        0x00000000        0x0
                0x00000000                . = ALIGN (0x2)
 *(.fartext)
                0x00000000                . = ALIGN (0x2)
 *(.fartext.*)
                0x00000000                _efartext = .

.profiler
 *(.profiler)

.stab
 *(.stab)

.stabstr
 *(.stabstr)

.stab.excl
 *(.stab.excl)

.stab.exclstr
 *(.stab.exclstr)

.stab.index
 *(.stab.index)

.stab.indexstr
 *(.stab.indexstr)

.comment
 *(.comment)

.debug
 *(.debug)

.line
 *(.line)

.debug_srcinfo
 *(.debug_srcinfo)

.debug_sfnames
 *(.debug_sfnames)

.debug_aranges  0x00000000      0x17c
 *(.debug_aranges)
 .debug_aranges
                0x00000000       0x14 /usr/bin/../lib/gcc/msp430/4.6.3/mmpy-16/libgcc.a(_mulsi3.o)
 .debug_aranges
                0x00000014       0x14 /usr/bin/../lib/gcc/msp430/4.6.3/mmpy-16/libgcc.a(_udivmod16.o)
 .debug_aranges
                0x00000028       0x14 /usr/bin/../lib/gcc/msp430/4.6.3/mmpy-16/libgcc.a(_divmod16.o)
 .debug_aranges
                0x0000003c       0x14 /usr/bin/../lib/gcc/msp430/4.6.3/mmpy-16/libgcc.a(_udivmod32.o)
 .debug_aranges
                0x00000050       0x14 /usr/bin/../lib/gcc/msp430/4.6.3/../../../../msp430/lib/mmpy-16/libc.a(strncmp.o)
 .debug_aranges
                0x00000064       0x14 /usr/bin/../lib/gcc/msp430/4.6.3/../../../../msp430/lib/mmpy-16/libc.a(memcmp.o)
 .debug_aranges
                0x00000078       0x14 /usr/bin/../lib/gcc/msp430/4.6.3/../../../../msp430/lib/mmpy-16/libc.a(memcpy.o)
 .debug_aranges
                0x0000008c       0x14 /usr/bin/../lib/gcc/msp430/4.6.3/../../../../msp430/lib/mmpy-16/libc.a(memset.o)
 .debug_aranges
                0x000000a0       0x14 /usr/bin/../lib/gcc/msp430/4.6.3/../../../../msp430/lib/mmpy-16/libc.a(printf.o)
 .debug_aranges
                0x000000b4       0x14 /usr/bin/../lib/gcc/msp430/4.6.3/../../../../msp430/lib/mmpy-16/libc.a(vuprintf.o)
 .debug_aranges
                0x000000c8       0x14 /usr/bin/../lib/gcc/msp430/4.6.3/../../../../msp430/lib/mmpy-16/libc.a(puts.o)
 .debug_aranges
                0x000000dc       0x14 /usr/bin/../lib/gcc/msp430/4.6.3/../../../../msp430/lib/mmpy-16/libc.a(rand.o)
 .debug_aranges
                0x000000f0       0x14 /usr/bin/../lib/gcc/msp430/4.6.3/mmpy-16/libgcc.a(_udivmod64.o)
 .debug_aranges
                0x00000104       0x14 /usr/bin/../lib/gcc/msp430/4.6.3/mmpy-16/libcrt0.a(__watchdog_support.o)
 .debug_aranges
                0x00000118       0x14 /usr/bin/../lib/gcc/msp430/4.6.3/mmpy-16/libcrt0.a(__init_stack.o)
 .debug_aranges
                0x0000012c       0x14 /usr/bin/../lib/gcc/msp430/4.6.3/mmpy-16/libcrt0.a(_copy_data.o)
 .debug_aranges
                0x00000140       0x14 /usr/bin/../lib/gcc/msp430/4.6.3/mmpy-16/libcrt0.a(_clear_bss.o)
 .debug_aranges
                0x00000154       0x14 /usr/bin/../lib/gcc/msp430/4.6.3/mmpy-16/libcrt0.a(_endless_loop__.o)
 .debug_aranges
                0x00000168       0x14 /usr/bin/../lib/gcc/msp430/4.6.3/mmpy-16/libcrt0.a(_unexpected_.o)

.debug_pubnames
 *(.debug_pubnames)

.debug_info     0x00000000     0x1319
 *(.debug_info)
 .debug_info    0x00000000       0xba /usr/bin/../lib/gcc/msp430/4.6.3/mmpy-16/libgcc.a(_mulsi3.o)
 .debug_info    0x000000ba       0xba /usr/bin/../lib/gcc/msp430/4.6.3/mmpy-16/libgcc.a(_udivmod16.o)
 .debug_info    0x00000174       0xba /usr/bin/../lib/gcc/msp430/4.6.3/mmpy-16/libgcc.a(_divmod16.o)
 .debug_info    0x0000022e       0xba /usr/bin/../lib/gcc/msp430/4.6.3/mmpy-16/libgcc.a(_udivmod32.o)
 .debug_info    0x000002e8       0xbb /usr/bin/../lib/gcc/msp430/4.6.3/../../../../msp430/lib/mmpy-16/libc.a(strncmp.o)
 .debug_info    0x000003a3       0xe8 /usr/bin/../lib/gcc/msp430/4.6.3/../../../../msp430/lib/mmpy-16/libc.a(memcmp.o)
 .debug_info    0x0000048b      0x113 /usr/bin/../lib/gcc/msp430/4.6.3/../../../../msp430/lib/mmpy-16/libc.a(memcpy.o)
 .debug_info    0x0000059e       0xfe /usr/bin/../lib/gcc/msp430/4.6.3/../../../../msp430/lib/mmpy-16/libc.a(memset.o)
 .debug_info    0x0000069c      0x105 /usr/bin/../lib/gcc/msp430/4.6.3/../../../../msp430/lib/mmpy-16/libc.a(printf.o)
 .debug_info    0x000007a1      0x565 /usr/bin/../lib/gcc/msp430/4.6.3/../../../../msp430/lib/mmpy-16/libc.a(vuprintf.o)
 .debug_info    0x00000d06       0x96 /usr/bin/../lib/gcc/msp430/4.6.3/../../../../msp430/lib/mmpy-16/libc.a(puts.o)
 .debug_info    0x00000d9c      0x13f /usr/bin/../lib/gcc/msp430/4.6.3/../../../../msp430/lib/mmpy-16/libc.a(rand.o)
 .debug_info    0x00000edb       0xba /usr/bin/../lib/gcc/msp430/4.6.3/mmpy-16/libgcc.a(_udivmod64.o)
 .debug_info    0x00000f95       0x96 /usr/bin/../lib/gcc/msp430/4.6.3/mmpy-16/libcrt0.a(__watchdog_support.o)
 .debug_info    0x0000102b       0x96 /usr/bin/../lib/gcc/msp430/4.6.3/mmpy-16/libcrt0.a(__init_stack.o)
 .debug_info    0x000010c1       0x96 /usr/bin/../lib/gcc/msp430/4.6.3/mmpy-16/libcrt0.a(_copy_data.o)
 .debug_info    0x00001157       0x96 /usr/bin/../lib/gcc/msp430/4.6.3/mmpy-16/libcrt0.a(_clear_bss.o)
 .debug_info    0x000011ed       0x96 /usr/bin/../lib/gcc/msp430/4.6.3/mmpy-16/libcrt0.a(_endless_loop__.o)
 .debug_info    0x00001283       0x96 /usr/bin/../lib/gcc/msp430/4.6.3/mmpy-16/libcrt0.a(_unexpected_.o)
 *(.gnu.linkonce.wi.*)

.debug_abbrev   0x00000000      0x735
 *(.debug_abbrev)
 .debug_abbrev  0x00000000       0x14 /usr/bin/../lib/gcc/msp430/4.6.3/mmpy-16/libgcc.a(_mulsi3.o)
 .debug_abbrev  0x00000014       0x14 /usr/bin/../lib/gcc/msp430/4.6.3/mmpy-16/libgcc.a(_udivmod16.o)
 .debug_abbrev  0x00000028       0x14 /usr/bin/../lib/gcc/msp430/4.6.3/mmpy-16/libgcc.a(_divmod16.o)
 .debug_abbrev  0x0000003c       0x14 /usr/bin/../lib/gcc/msp430/4.6.3/mmpy-16/libgcc.a(_udivmod32.o)
 .debug_abbrev  0x00000050       0x7c /usr/bin/../lib/gcc/msp430/4.6.3/../../../../msp430/lib/mmpy-16/libc.a(strncmp.o)
 .debug_abbrev  0x000000cc       0x9b /usr/bin/../lib/gcc/msp430/4.6.3/../../../../msp430/lib/mmpy-16/libc.a(memcmp.o)
 .debug_abbrev  0x00000167       0x97 /usr/bin/../lib/gcc/msp430/4.6.3/../../../../msp430/lib/mmpy-16/libc.a(memcpy.o)
 .debug_abbrev  0x000001fe       0x9c /usr/bin/../lib/gcc/msp430/4.6.3/../../../../msp430/lib/mmpy-16/libc.a(memset.o)
 .debug_abbrev  0x0000029a       0xd0 /usr/bin/../lib/gcc/msp430/4.6.3/../../../../msp430/lib/mmpy-16/libc.a(printf.o)
 .debug_abbrev  0x0000036a      0x1ef /usr/bin/../lib/gcc/msp430/4.6.3/../../../../msp430/lib/mmpy-16/libc.a(vuprintf.o)
 .debug_abbrev  0x00000559       0x60 /usr/bin/../lib/gcc/msp430/4.6.3/../../../../msp430/lib/mmpy-16/libc.a(puts.o)
 .debug_abbrev  0x000005b9       0xf0 /usr/bin/../lib/gcc/msp430/4.6.3/../../../../msp430/lib/mmpy-16/libc.a(rand.o)
 .debug_abbrev  0x000006a9       0x14 /usr/bin/../lib/gcc/msp430/4.6.3/mmpy-16/libgcc.a(_udivmod64.o)
 .debug_abbrev  0x000006bd       0x14 /usr/bin/../lib/gcc/msp430/4.6.3/mmpy-16/libcrt0.a(__watchdog_support.o)
 .debug_abbrev  0x000006d1       0x14 /usr/bin/../lib/gcc/msp430/4.6.3/mmpy-16/libcrt0.a(__init_stack.o)
 .debug_abbrev  0x000006e5       0x14 /usr/bin/../lib/gcc/msp430/4.6.3/mmpy-16/libcrt0.a(_copy_data.o)
 .debug_abbrev  0x000006f9       0x14 /usr/bin/../lib/gcc/msp430/4.6.3/mmpy-16/libcrt0.a(_clear_bss.o)
 .debug_abbrev  0x0000070d       0x14 /usr/bin/../lib/gcc/msp430/4.6.3/mmpy-16/libcrt0.a(_endless_loop__.o)
 .debug_abbrev  0x00000721       0x14 /usr/bin/../lib/gcc/msp430/4.6.3/mmpy-16/libcrt0.a(_unexpected_.o)

.debug_line     0x00000000      0xc8b
 *(.debug_line)
 .debug_line    0x00000000       0x74 /usr/bin/../lib/gcc/msp430/4.6.3/mmpy-16/libgcc.a(_mulsi3.o)
 .debug_line    0x00000074       0x6d /usr/bin/../lib/gcc/msp430/4.6.3/mmpy-16/libgcc.a(_udivmod16.o)
 .debug_line    0x000000e1       0x78 /usr/bin/../lib/gcc/msp430/4.6.3/mmpy-16/libgcc.a(_divmod16.o)
 .debug_line    0x00000159       0x7c /usr/bin/../lib/gcc/msp430/4.6.3/mmpy-16/libgcc.a(_udivmod32.o)
 .debug_line    0x000001d5       0xba /usr/bin/../lib/gcc/msp430/4.6.3/../../../../msp430/lib/mmpy-16/libc.a(strncmp.o)
 .debug_line    0x0000028f       0xb8 /usr/bin/../lib/gcc/msp430/4.6.3/../../../../msp430/lib/mmpy-16/libc.a(memcmp.o)
 .debug_line    0x00000347      0x12e /usr/bin/../lib/gcc/msp430/4.6.3/../../../../msp430/lib/mmpy-16/libc.a(memcpy.o)
 .debug_line    0x00000475      0x10d /usr/bin/../lib/gcc/msp430/4.6.3/../../../../msp430/lib/mmpy-16/libc.a(memset.o)
 .debug_line    0x00000582       0xb7 /usr/bin/../lib/gcc/msp430/4.6.3/../../../../msp430/lib/mmpy-16/libc.a(printf.o)
 .debug_line    0x00000639      0x317 /usr/bin/../lib/gcc/msp430/4.6.3/../../../../msp430/lib/mmpy-16/libc.a(vuprintf.o)
 .debug_line    0x00000950       0x4d /usr/bin/../lib/gcc/msp430/4.6.3/../../../../msp430/lib/mmpy-16/libc.a(puts.o)
 .debug_line    0x0000099d       0x4f /usr/bin/../lib/gcc/msp430/4.6.3/../../../../msp430/lib/mmpy-16/libc.a(rand.o)
 .debug_line    0x000009ec       0xc2 /usr/bin/../lib/gcc/msp430/4.6.3/mmpy-16/libgcc.a(_udivmod64.o)
 .debug_line    0x00000aae       0x4f /usr/bin/../lib/gcc/msp430/4.6.3/mmpy-16/libcrt0.a(__watchdog_support.o)
 .debug_line    0x00000afd       0x4d /usr/bin/../lib/gcc/msp430/4.6.3/mmpy-16/libcrt0.a(__init_stack.o)
 .debug_line    0x00000b4a       0x53 /usr/bin/../lib/gcc/msp430/4.6.3/mmpy-16/libcrt0.a(_copy_data.o)
 .debug_line    0x00000b9d       0x53 /usr/bin/../lib/gcc/msp430/4.6.3/mmpy-16/libcrt0.a(_clear_bss.o)
 .debug_line    0x00000bf0       0x4e /usr/bin/../lib/gcc/msp430/4.6.3/mmpy-16/libcrt0.a(_endless_loop__.o)
 .debug_line    0x00000c3e       0x4d /usr/bin/../lib/gcc/msp430/4.6.3/mmpy-16/libcrt0.a(_unexpected_.o)

.debug_frame    0x00000000      0x1ec
 *(.debug_frame)
 .debug_frame   0x00000000       0x24 /usr/bin/../lib/gcc/msp430/4.6.3/../../../../msp430/lib/mmpy-16/libc.a(strncmp.o)
 .debug_frame   0x00000024       0x24 /usr/bin/../lib/gcc/msp430/4.6.3/../../../../msp430/lib/mmpy-16/libc.a(memcmp.o)
 .debug_frame   0x00000048       0x38 /usr/bin/../lib/gcc/msp430/4.6.3/../../../../msp430/lib/mmpy-16/libc.a(memcpy.o)
 .debug_frame   0x00000080       0x32 /usr/bin/../lib/gcc/msp430/4.6.3/../../../../msp430/lib/mmpy-16/libc.a(memset.o)
 .debug_frame   0x000000b2       0x2a /usr/bin/../lib/gcc/msp430/4.6.3/../../../../msp430/lib/mmpy-16/libc.a(printf.o)
 .debug_frame   0x000000dc       0xb0 /usr/bin/../lib/gcc/msp430/4.6.3/../../../../msp430/lib/mmpy-16/libc.a(vuprintf.o)
 .debug_frame   0x0000018c       0x24 /usr/bin/../lib/gcc/msp430/4.6.3/../../../../msp430/lib/mmpy-16/libc.a(puts.o)
 .debug_frame   0x000001b0       0x3c /usr/bin/../lib/gcc/msp430/4.6.3/../../../../msp430/lib/mmpy-16/libc.a(rand.o)

.debug_str      0x00000000      0x40d
 *(.debug_str)
 .debug_str     0x00000000       0xf5 /usr/bin/../lib/gcc/msp430/4.6.3/../../../../msp430/lib/mmpy-16/libc.a(strncmp.o)
                                0x12e (size before relaxing)
 .debug_str     0x000000f5       0x19 /usr/bin/../lib/gcc/msp430/4.6.3/../../../../msp430/lib/mmpy-16/libc.a(memcmp.o)
                                0x12c (size before relaxing)
 .debug_str     0x0000010e       0x34 /usr/bin/../lib/gcc/msp430/4.6.3/../../../../msp430/lib/mmpy-16/libc.a(memcpy.o)
                                0x147 (size before relaxing)
 .debug_str     0x00000142       0x26 /usr/bin/../lib/gcc/msp430/4.6.3/../../../../msp430/lib/mmpy-16/libc.a(memset.o)
                                0x145 (size before relaxing)
 .debug_str     0x00000168       0x40 /usr/bin/../lib/gcc/msp430/4.6.3/../../../../msp430/lib/mmpy-16/libc.a(printf.o)
                                0x15b (size before relaxing)
 .debug_str     0x000001a8      0x221 /usr/bin/../lib/gcc/msp430/4.6.3/../../../../msp430/lib/mmpy-16/libc.a(vuprintf.o)
                                0x3a6 (size before relaxing)
 .debug_str     0x000003c9       0x15 /usr/bin/../lib/gcc/msp430/4.6.3/../../../../msp430/lib/mmpy-16/libc.a(puts.o)
                                0x121 (size before relaxing)
 .debug_str     0x000003de       0x2f /usr/bin/../lib/gcc/msp430/4.6.3/../../../../msp430/lib/mmpy-16/libc.a(rand.o)
                                0x140 (size before relaxing)

.debug_loc      0x00000000      0xaf3
 *(.debug_loc)
 .debug_loc     0x00000000       0x38 /usr/bin/../lib/gcc/msp430/4.6.3/../../../../msp430/lib/mmpy-16/libc.a(strncmp.o)
 .debug_loc     0x00000038       0x5e /usr/bin/../lib/gcc/msp430/4.6.3/../../../../msp430/lib/mmpy-16/libc.a(memcmp.o)
 .debug_loc     0x00000096      0x1e9 /usr/bin/../lib/gcc/msp430/4.6.3/../../../../msp430/lib/mmpy-16/libc.a(memcpy.o)
 .debug_loc     0x0000027f       0xdb /usr/bin/../lib/gcc/msp430/4.6.3/../../../../msp430/lib/mmpy-16/libc.a(memset.o)
 .debug_loc     0x0000035a       0x38 /usr/bin/../lib/gcc/msp430/4.6.3/../../../../msp430/lib/mmpy-16/libc.a(printf.o)
 .debug_loc     0x00000392      0x70c /usr/bin/../lib/gcc/msp430/4.6.3/../../../../msp430/lib/mmpy-16/libc.a(vuprintf.o)
 .debug_loc     0x00000a9e       0x26 /usr/bin/../lib/gcc/msp430/4.6.3/../../../../msp430/lib/mmpy-16/libc.a(puts.o)
 .debug_loc     0x00000ac4       0x2f /usr/bin/../lib/gcc/msp430/4.6.3/../../../../msp430/lib/mmpy-16/libc.a(rand.o)

.debug_macinfo
 *(.debug_macinfo)

.debug_pubtypes
 *(.debug_pubtypes)

.debug_ranges   0x00000000       0x18
 *(.debug_ranges)
 .debug_ranges  0x00000000       0x18 /usr/bin/../lib/gcc/msp430/4.6.3/../../../../msp430/lib/mmpy-16/libc.a(vuprintf.o)
                0x00003900                PROVIDE (__stack, (ORIGIN (ram) + 0x2800))
                0x0000aabc                PROVIDE (__data_start_rom, _etext)
                0x0000ab58                PROVIDE (__data_end_rom, (_etext + SIZEOF (.data)))
OUTPUT(hashsig-app.sky elf32-msp430)
