Archive member included because of file (symbol)

contiki-sky.a(rimeaddr.o)     obj_sky/contiki-sky-main.o (rimeaddr_copy)
contiki-sky.a(rime.o)         obj_sky/contiki-sky-main.o (rime_driver)
contiki-sky.a(announcement.o)
                              contiki-sky.a(rime.o) (announcement_init)
contiki-sky.a(broadcast-annou)
                              contiki-sky.a(rime.o) (broadcast_announcement_init)
contiki-sky.a(broadcast.o)    contiki-sky.a(broadcast-annou) (broadcast_open)
contiki-sky.a(abc.o)          contiki-sky.a(broadcast.o) (abc_open)
contiki-sky.a(chameleon.o)    contiki-sky.a(rime.o) (chameleon_init)
contiki-sky.a(channel.o)      contiki-sky.a(chameleon.o) (channel_init)
contiki-sky.a(chameleon-bitop)
                              contiki-sky.a(chameleon.o) (chameleon_bitopt)
contiki-sky.a(csma.o)         obj_sky/contiki-sky-main.o (csma_driver)
contiki-sky.a(contikimac.o)   obj_sky/contiki-sky-main.o (contikimac_driver)
contiki-sky.a(phase.o)        contiki-sky.a(contikimac.o) (phase_update)
contiki-sky.a(process.o)      obj_sky/contiki-sky-main.o (process_init)
contiki-sky.a(autostart.o)    obj_sky/contiki-sky-main.o (autostart_start)
contiki-sky.a(compower.o)     contiki-sky.a(contikimac.o) (compower_accumulate)
contiki-sky.a(serial-line.o)  obj_sky/contiki-sky-main.o (serial_line_input_byte)
contiki-sky.a(memb.o)         contiki-sky.a(csma.o) (memb_init)
contiki-sky.a(timer.o)        obj_sky/contiki-sky-main.o (timer_set)
contiki-sky.a(list.o)         contiki-sky.a(announcement.o) (list_init)
contiki-sky.a(etimer.o)       obj_sky/contiki-sky-main.o (etimer_process)
contiki-sky.a(ctimer.o)       obj_sky/contiki-sky-main.o (ctimer_init)
contiki-sky.a(energest.o)     obj_sky/contiki-sky-main.o (energest_init)
contiki-sky.a(rtimer.o)       obj_sky/contiki-sky-main.o (rtimer_init)
contiki-sky.a(random.o)       obj_sky/contiki-sky-main.o (random_init)
contiki-sky.a(ringbuf.o)      contiki-sky.a(serial-line.o) (ringbuf_init)
contiki-sky.a(nbr-table.o)    contiki-sky.a(phase.o) (nbr_table_register)
contiki-sky.a(packetbuf.o)    contiki-sky.a(contikimac.o) (packetbuf_hdr_remove)
contiki-sky.a(queuebuf.o)     contiki-sky.a(rime.o) (queuebuf_init)
contiki-sky.a(contiki-sky-pla)
                              obj_sky/contiki-sky-main.o (init_platform)
contiki-sky.a(button-sensor.o)
                              contiki-sky.a(contiki-sky-pla) (button_sensor)
contiki-sky.a(ds2411.o)       obj_sky/contiki-sky-main.o (ds2411_init)
contiki-sky.a(xmem.o)         obj_sky/contiki-sky-main.o (xmem_init)
contiki-sky.a(node-id.o)      obj_sky/contiki-sky-main.o (node_id_restore)
contiki-sky.a(sensors.o)      contiki-sky.a(button-sensor.o) (sensors_changed)
contiki-sky.a(cc2420.o)       obj_sky/contiki-sky-main.o (cc2420_set_channel)
contiki-sky.a(cc2420-arch.o)  contiki-sky.a(cc2420.o) (cc2420_arch_init)
contiki-sky.a(uart1.o)        obj_sky/contiki-sky-main.o (uart1_active)
contiki-sky.a(uart1-putchar.o)
                              obj_sky/contiki-sky-main.o (putchar)
contiki-sky.a(msp430.o)       contiki-sky.a(uart1.o) (msp430_add_lpm_req)
contiki-sky.a(clock.o)        hashsig-app.co (clock_time)
contiki-sky.a(leds.o)         obj_sky/contiki-sky-main.o (leds_init)
contiki-sky.a(leds-arch.o)    contiki-sky.a(leds.o) (leds_arch_init)
contiki-sky.a(watchdog.o)     obj_sky/contiki-sky-main.o (watchdog_start)
contiki-sky.a(rtimer-arch.o)  contiki-sky.a(rtimer.o) (rtimer_arch_init)
contiki-sky.a(mac.o)          contiki-sky.a(csma.o) (mac_call_sent_callback)
contiki-sky.a(framer-802154.o)
                              contiki-sky.a(contikimac.o) (framer_802154)
contiki-sky.a(spi.o)          contiki-sky.a(xmem.o) (spi_init)
contiki-sky.a(frame802154.o)  contiki-sky.a(framer-802154.o) (frame802154_hdrlen)
/usr/bin/../lib/gcc/msp430/4.6.3/mmpy-16/libgcc.a(_mulsi3.o)
                              contiki-sky.a(csma.o) (__mulsi3)
/usr/bin/../lib/gcc/msp430/4.6.3/mmpy-16/libgcc.a(_udivmod16.o)
                              contiki-sky.a(phase.o) (__umodhi3)
/usr/bin/../lib/gcc/msp430/4.6.3/mmpy-16/libgcc.a(_divmod16.o)
                              contiki-sky.a(nbr-table.o) (__divhi3)
/usr/bin/../lib/gcc/msp430/4.6.3/mmpy-16/libgcc.a(_udivmod32.o)
                              obj_sky/contiki-sky-main.o (__udivsi3)
/usr/bin/../lib/gcc/msp430/4.6.3/../../../../msp430/lib/mmpy-16/libc.a(strncmp.o)
                              contiki-sky.a(sensors.o) (strncmp)
/usr/bin/../lib/gcc/msp430/4.6.3/../../../../msp430/lib/mmpy-16/libc.a(memcmp.o)
                              hashsig-app.co (memcmp)
/usr/bin/../lib/gcc/msp430/4.6.3/../../../../msp430/lib/mmpy-16/libc.a(memcpy.o)
                              hashsig-app.co (memcpy)
/usr/bin/../lib/gcc/msp430/4.6.3/../../../../msp430/lib/mmpy-16/libc.a(memset.o)
                              hashsig-app.co (memset)
/usr/bin/../lib/gcc/msp430/4.6.3/../../../../msp430/lib/mmpy-16/libc.a(printf.o)
                              hashsig-app.co (printf)
[...]
Memory Configuration

Name             Origin             Length             Attributes
sfr              0x00000000         0x00000010
peripheral_8bit  0x00000010         0x000000f0
peripheral_16bit 0x00000100         0x00000100
ram_mirror       0x00000200         0x00000800         xw
infomem          0x00001000         0x00000100
infob            0x00001000         0x00000080
infoa            0x00001080         0x00000080
ram              0x00001100         0x00002800         xw
rom              0x00004000         0x0000bfe0         xr
vectors          0x0000ffe0         0x00000020
bsl              0x00000000         0x00000000
infoc            0x00000000         0x00000000
infod            0x00000000         0x00000000
ram2             0x00000000         0x00000000         xw
usbram           0x00000000         0x00000000         xw
far_rom          0x00000000         0x00000000
*default*        0x00000000         0xffffffff

Linker script and memory map

LOAD /usr/bin/../lib/gcc/msp430/4.6.3/mmpy-16/crt0ivtbl16.o
LOAD hashsig-app.co
LOAD obj_sky/contiki-sky-main.o
LOAD contiki-sky.a
LOAD /usr/bin/../lib/gcc/msp430/4.6.3/mmpy-16/libgcc.a
LOAD /usr/bin/../lib/gcc/msp430/4.6.3/../../../../msp430/lib/mmpy-16/libc.a
LOAD /usr/bin/../lib/gcc/msp430/4.6.3/mmpy-16/libgcc.a
LOAD /usr/bin/../lib/gcc/msp430/4.6.3/mmpy-16/libcrt0.a
                0x00000080                PROVIDE (__info_segment_size, 0x80)
                0x00001000                PROVIDE (__infob, 0x1000)
                0x00001080                PROVIDE (__infoa, 0x1080)
                0x00000000                __IE1 = 0x0
                0x00000002                __IFG1 = 0x2
                0x00000004                __ME1 = 0x4
                0x00000001                __IE2 = 0x1
                0x00000003                __IFG2 = 0x3
                0x00000005                __ME2 = 0x5
                0x00000120                __WDTCTL = 0x120
                0x00000130                __MPY = 0x130
                0x00000132                __MPYS = 0x132
                0x00000134                __MAC = 0x134
                0x00000136                __MACS = 0x136
                0x00000138                __OP2 = 0x138
                0x0000013a                __RESLO = 0x13a
                0x0000013c                __RESHI = 0x13c
                0x0000013e                __SUMEXT = 0x13e
                0x00000020                __P1IN = 0x20
                0x00000021                __P1OUT = 0x21
                0x00000022                __P1DIR = 0x22
                0x00000023                __P1IFG = 0x23
                0x00000024                __P1IES = 0x24
                0x00000025                __P1IE = 0x25
                0x00000026                __P1SEL = 0x26
                0x00000028                __P2IN = 0x28
                0x00000029                __P2OUT = 0x29
                0x0000002a                __P2DIR = 0x2a
                0x0000002b                __P2IFG = 0x2b
                0x0000002c                __P2IES = 0x2c
                0x0000002d                __P2IE = 0x2d
                0x0000002e                __P2SEL = 0x2e
                0x00000018                __P3IN = 0x18
                0x00000019                __P3OUT = 0x19
                0x0000001a                __P3DIR = 0x1a
                0x0000001b                __P3SEL = 0x1b
                0x0000001c                __P4IN = 0x1c
                0x0000001d                __P4OUT = 0x1d
                0x0000001e                __P4DIR = 0x1e
                0x0000001f                __P4SEL = 0x1f
                0x00000030                __P5IN = 0x30
                0x00000031                __P5OUT = 0x31
                0x00000032                __P5DIR = 0x32
                0x00000033                __P5SEL = 0x33
                0x00000034                __P6IN = 0x34
                0x00000035                __P6OUT = 0x35
                0x00000036                __P6DIR = 0x36
                0x00000037                __P6SEL = 0x37
                0x00000070                __U0CTL = 0x70
                0x00000071                __U0TCTL = 0x71
                0x00000072                __U0RCTL = 0x72
                0x00000073                __U0MCTL = 0x73
                0x00000074                __U0BR0 = 0x74
                0x00000075                __U0BR1 = 0x75
                0x00000076                __U0RXBUF = 0x76
                0x00000077                __U0TXBUF = 0x77
                0x00000078                __U1CTL = 0x78
                0x00000079                __U1TCTL = 0x79
                0x0000007a                __U1RCTL = 0x7a
                0x0000007b                __U1MCTL = 0x7b
                0x0000007c                __U1BR0 = 0x7c
                0x0000007d                __U1BR1 = 0x7d
                0x0000007e                __U1RXBUF = 0x7e
                0x0000007f                __U1TXBUF = 0x7f
                0x00000050                __I2CIE = 0x50
                0x00000051                __I2CIFG = 0x51
                0x00000052                __I2CNDAT = 0x52
                0x00000071                __I2CTCTL = 0x71
                0x00000072                __I2CDCTL = 0x72
                0x00000073                __I2CPSC = 0x73
                0x00000074                __I2CSCLH = 0x74
                0x00000075                __I2CSCLL = 0x75
                0x00000076                __I2CDRB = 0x76
                0x00000076                __I2CDRW = 0x76
                0x00000118                __I2COA = 0x118
                0x0000011a                __I2CSA = 0x11a
                0x0000011c                __I2CIV = 0x11c
                0x0000012e                __TAIV = 0x12e
                0x00000160                __TACTL = 0x160
                0x00000162                __TACCTL0 = 0x162
                0x00000164                __TACCTL1 = 0x164
                0x00000166                __TACCTL2 = 0x166
                0x00000170                __TAR = 0x170
                0x00000172                __TACCR0 = 0x172
                0x00000174                __TACCR1 = 0x174
                0x00000176                __TACCR2 = 0x176
                0x0000011e                __TBIV = 0x11e
                0x00000180                __TBCTL = 0x180
                0x00000182                __TBCCTL0 = 0x182
                0x00000184                __TBCCTL1 = 0x184
                0x00000186                __TBCCTL2 = 0x186
                0x00000188                __TBCCTL3 = 0x188
                0x0000018a                __TBCCTL4 = 0x18a
                0x0000018c                __TBCCTL5 = 0x18c
                0x0000018e                __TBCCTL6 = 0x18e
                0x00000190                __TBR = 0x190
                0x00000192                __TBCCR0 = 0x192
                0x00000194                __TBCCR1 = 0x194
                0x00000196                __TBCCR2 = 0x196
                0x00000198                __TBCCR3 = 0x198
                0x0000019a                __TBCCR4 = 0x19a
                0x0000019c                __TBCCR5 = 0x19c
                0x0000019e                __TBCCR6 = 0x19e
                0x00000056                __DCOCTL = 0x56
                0x00000057                __BCSCTL1 = 0x57
                0x00000058                __BCSCTL2 = 0x58
                0x00000055                __SVSCTL = 0x55
                0x00000128                __FCTL1 = 0x128
                0x0000012a                __FCTL2 = 0x12a
                0x0000012c                __FCTL3 = 0x12c
                0x00000059                __CACTL1 = 0x59
                0x0000005a                __CACTL2 = 0x5a
                0x0000005b                __CAPD = 0x5b
                0x000001a0                __ADC12CTL0 = 0x1a0
                0x000001a2                __ADC12CTL1 = 0x1a2
                0x000001a4                __ADC12IFG = 0x1a4
                0x000001a6                __ADC12IE = 0x1a6
                0x000001a8                __ADC12IV = 0x1a8
                0x00000140                __ADC12MEM0 = 0x140
                0x00000142                __ADC12MEM1 = 0x142
                0x00000144                __ADC12MEM2 = 0x144
                0x00000146                __ADC12MEM3 = 0x146
                0x00000148                __ADC12MEM4 = 0x148
                0x0000014a                __ADC12MEM5 = 0x14a
                0x0000014c                __ADC12MEM6 = 0x14c
                0x0000014e                __ADC12MEM7 = 0x14e
                0x00000150                __ADC12MEM8 = 0x150
                0x00000152                __ADC12MEM9 = 0x152
                0x00000154                __ADC12MEM10 = 0x154
                0x00000156                __ADC12MEM11 = 0x156
                0x00000158                __ADC12MEM12 = 0x158
                0x0000015a                __ADC12MEM13 = 0x15a
                0x0000015c                __ADC12MEM14 = 0x15c
                0x0000015e                __ADC12MEM15 = 0x15e
                0x00000080                __ADC12MCTL0 = 0x80
                0x00000081                __ADC12MCTL1 = 0x81
                0x00000082                __ADC12MCTL2 = 0x82
                0x00000083                __ADC12MCTL3 = 0x83
                0x00000084                __ADC12MCTL4 = 0x84
                0x00000085                __ADC12MCTL5 = 0x85
                0x00000086                __ADC12MCTL6 = 0x86
                0x00000087                __ADC12MCTL7 = 0x87
                0x00000088                __ADC12MCTL8 = 0x88
                0x00000089                __ADC12MCTL9 = 0x89
                0x0000008a                __ADC12MCTL10 = 0x8a
                0x0000008b                __ADC12MCTL11 = 0x8b
                0x0000008c                __ADC12MCTL12 = 0x8c
                0x0000008d                __ADC12MCTL13 = 0x8d
                0x0000008e                __ADC12MCTL14 = 0x8e
                0x0000008f                __ADC12MCTL15 = 0x8f
                0x000001c0                __DAC12_0CTL = 0x1c0
                0x000001c2                __DAC12_1CTL = 0x1c2
                0x000001c8                __DAC12_0DAT = 0x1c8
                0x000001ca                __DAC12_1DAT = 0x1ca
                0x00000122                __DMACTL0 = 0x122
                0x00000124                __DMACTL1 = 0x124
                0x000001e0                __DMA0CTL = 0x1e0
                0x000001e8                __DMA1CTL = 0x1e8
                0x000001f0                __DMA2CTL = 0x1f0
                0x000001e2                __DMA0SA = 0x1e2
                0x000001e4                __DMA0DA = 0x1e4
                0x000001e6                __DMA0SZ = 0x1e6
                0x000001ea                __DMA1SA = 0x1ea
                0x000001ec                __DMA1DA = 0x1ec
                0x000001ee                __DMA1SZ = 0x1ee
                0x000001f2                __DMA2SA = 0x1f2
                0x000001f4                __DMA2DA = 0x1f4
                0x000001f6                __DMA2SZ = 0x1f6

.hash
 *(.hash)

.dynsym
 *(.dynsym)

.dynstr
 *(.dynstr)

.gnu.version
 *(.gnu.version)

.gnu.version_d
 *(.gnu.version_d)

.gnu.version_r
 *(.gnu.version_r)

.rel.init
 *(.rel.init)

.rela.init
 *(.rela.init)

.rel.fini
 *(.rel.fini)

.rela.fini
 *(.rela.fini)

.rel.text
 *(.rel.text .rel.text.* .rel.gnu.linkonce.t.*)

.rela.text
 *(.rela.text .rela.text.* .rela.gnu.linkonce.t.*)

.rel.rodata
 *(.rel.rodata .rel.rodata.* .rel.gnu.linkonce.r.*)

.rela.rodata
 *(.rela.rodata .rela.rodata.* .rela.gnu.linkonce.r.*)

.rel.data
 *(.rel.data .rel.data.* .rel.gnu.linkonce.d.*)

.rela.data
 *(.rela.data .rela.data.* .rela.gnu.linkonce.d.*)

.rel.bss
 *(.rel.bss .rel.bss.* .rel.gnu.linkonce.b.*)

.rela.bss
 *(.rela.bss .rela.bss.* .rela.gnu.linkonce.b.*)

.rel.ctors
 *(.rel.ctors)

.rela.ctors
 *(.rela.ctors)

.rel.dtors
 *(.rel.dtors)

.rela.dtors
 *(.rela.dtors)

.rel.got
 *(.rel.got)

.rela.got
 *(.rela.got)

.rel.plt
 *(.rel.plt)

.rela.plt
 *(.rela.plt)

.text           0x00004000     0x6fc6
                0x00004000                . = ALIGN (0x2)
 *(.init .init.*)
 *(.init0)
 .init0         0x00004000        0x0 /usr/bin/../lib/gcc/msp430/4.6.3/mmpy-16/libcrt0.a(_reset_vector__.o)
                0x00004000                _reset_vector__
 *(.init1)
 .init1         0x00004000        0xc /usr/bin/../lib/gcc/msp430/4.6.3/mmpy-16/libcrt0.a(__watchdog_support.o)
                0x00004000                __watchdog_support
 *(.init2)
 .init2         0x0000400c        0x4 /usr/bin/../lib/gcc/msp430/4.6.3/mmpy-16/libcrt0.a(__init_stack.o)
                0x0000400c                __init_stack
 *(.init3)
 .init3         0x00004010        0x0 /usr/bin/../lib/gcc/msp430/4.6.3/mmpy-16/libcrt0.a(__low_level_init.o)
                0x00004010                __low_level_init
 *(.init4)
 .init4         0x00004010       0x18 /usr/bin/../lib/gcc/msp430/4.6.3/mmpy-16/libcrt0.a(_copy_data.o)
                0x00004010                __do_copy_data
 .init4         0x00004028       0x16 /usr/bin/../lib/gcc/msp430/4.6.3/mmpy-16/libcrt0.a(_clear_bss.o)
                0x00004028                __do_clear_bss
 *(.init5)
 *(.init6)
 *(.init7)
 *(.init8)
 *(.init9)
 .init9         0x0000403e      0x302 obj_sky/contiki-sky-main.o
                0x0000403e                main
 *(.fini9)
 .fini9         0x00004340        0x0 /usr/bin/../lib/gcc/msp430/4.6.3/mmpy-16/libcrt0.a(__stop_progExec__.o)
                0x00004340                __stop_progExec__
 *(.fini8)
 *(.fini7)
 *(.fini6)
 *(.fini5)
 *(.fini4)
 *(.fini3)
 *(.fini2)
 *(.fini1)
 *(.fini0)
 .fini0         0x00004340        0x6 /usr/bin/../lib/gcc/msp430/4.6.3/mmpy-16/libcrt0.a(_endless_loop__.o)
                0x00004340                _endless_loop__
 *(.fini .fini.*)
                0x00004346                . = ALIGN (0x2)
                0x00004346                __ctors_start = .
 *(.ctors)
                0x00004346                __ctors_end = .
                0x00004346                __dtors_start = .
 *(.dtors)
                0x00004346                __dtors_end = .
                0x00004346                . = ALIGN (0x2)
 *(.text .text.* .gnu.linkonce.t.*)
 .text          0x00004346        0x4 /usr/bin/../lib/gcc/msp430/4.6.3/mmpy-16/crt0ivtbl16.o
                0x00004346                __isr_14
                0x00004346                __isr_11
                0x00004346                __isr_2
                0x00004346                __isr_7
                0x00004346                __isr_0
                0x00004346                __isr_8
                0x00004346                __isr_3
                0x00004346                __isr_12
                0x00004346                __isr_13
                0x00004346                __isr_9
 .text.expandKey
                0x0000434a       0xf8 hashsig-app.co
                0x0000434a                expandKey
 .text.galois_mul2
                0x00004442       0x10 hashsig-app.co
                0x00004442                galois_mul2
 .text.aes_encr
                0x00004452      0x51e hashsig-app.co
                0x00004452                aes_encr
 .text.cleanup  0x00004970       0x10 hashsig-app.co
                0x00004970                cleanup
 .text._stack_push
                0x00004980       0x2a hashsig-app.co
                0x00004980                _stack_push
 .text._stack_pop
                0x000049aa       0x2a hashsig-app.co
                0x000049aa                _stack_pop
 .text.init_state
                0x000049d4       0x1e hashsig-app.co
                0x000049d4                init_state
 .text._treehash_set_tailheight
                0x000049f2       0x16 hashsig-app.co
                0x000049f2                _treehash_set_tailheight
 .text._treehash_height
                0x00004a08       0x40 hashsig-app.co
                0x00004a08                _treehash_height
 .text._retain_push
                0x00004a48       0x48 hashsig-app.co
                0x00004a48                _retain_push
 .text._retain_pop
                0x00004a90       0x5c hashsig-app.co
                0x00004a90                _retain_pop
 .text._init_state
                0x00004aec       0xa0 hashsig-app.co
                0x00004aec                _init_state
 .text.AES_encrypt
                0x00004b8c       0x32 hashsig-app.co
                0x00004b8c                AES_encrypt
 .text.hash16   0x00004bbe       0x14 hashsig-app.co
                0x00004bbe                hash16
 .text.winternitz_2_keygen
                0x00004bd2       0xf6 hashsig-app.co
                0x00004bd2                winternitz_2_keygen
 .text.MMO_init
                0x00004cc8       0x16 hashsig-app.co
                0x00004cc8                MMO_init
 .text.MMO_update
                0x00004cde       0xe6 hashsig-app.co
                0x00004cde                MMO_update
 .text.absorb   0x00004dc4        0xa hashsig-app.co
                0x00004dc4                absorb
 .text.MMO_final
                0x00004dce       0xfc hashsig-app.co
                0x00004dce                MMO_final
 .text.squeeze  0x00004eca        0xa hashsig-app.co
                0x00004eca                squeeze
 .text.winternitz_2_verify
                0x00004ed4      0x44a hashsig-app.co
                0x00004ed4                winternitz_2_verify
 .text.winternitz_2_sign
                0x0000531e      0x30c hashsig-app.co
                0x0000531e                winternitz_2_sign
 .text.create_leaf
                0x0000562a       0x66 hashsig-app.co
                0x0000562a                create_leaf
 .text.davies_meyer_init
                0x00005690       0x10 hashsig-app.co
                0x00005690                davies_meyer_init
 .text.davies_meyer_hash32
                0x000056a0       0xa8 hashsig-app.co
                0x000056a0                davies_meyer_hash32
 .text.hash32   0x00005748        0xe hashsig-app.co
                0x00005748                hash32
 .text._get_parent
                0x00005756       0x2a hashsig-app.co
                0x00005756                _get_parent
 .text._get_pkey
                0x00005780       0x5c hashsig-app.co
                0x00005780                _get_pkey
 .text.mss_verify
                0x000057dc       0x84 hashsig-app.co
                0x000057dc                mss_verify
 .text.mss_keygen
                0x00005860       0xd2 hashsig-app.co
                0x00005860                mss_keygen
 .text._treehash_update
                0x00005932      0x182 hashsig-app.co
                0x00005932                _treehash_update
 .text._nextAuth
                0x00005ab4      0x1ee hashsig-app.co
                0x00005ab4                _nextAuth
 .text.mss_sign
                0x00005ca2      0x102 hashsig-app.co
                0x00005ca2                mss_sign
 .text.do_benchmark
                0x00005da4      0x266 hashsig-app.co
                0x00005da4                do_benchmark
 .text.process_thread_bench_hashsig_process
                0x0000600a       0x78 hashsig-app.co
 .text.rimeaddr_copy
                0x00006082        0xc contiki-sky.a(rimeaddr.o)
                0x00006082                rimeaddr_copy
 .text.rimeaddr_cmp
                0x0000608e       0x12 contiki-sky.a(rimeaddr.o)
                0x0000608e                rimeaddr_cmp
 .text.rimeaddr_set_node_addr
                0x000060a0        0xc contiki-sky.a(rimeaddr.o)
                0x000060a0                rimeaddr_set_node_addr
 .text.input    0x000060ac       0x3a contiki-sky.a(rime.o)
 .text.init     0x000060e6       0x2e contiki-sky.a(rime.o)
 .text.packet_sent
                0x00006114       0x44 contiki-sky.a(rime.o)
 .text.rime_output
                0x00006158       0x24 contiki-sky.a(rime.o)
                0x00006158                rime_output
 .text.announcement_init
                0x0000617c        0xa contiki-sky.a(announcement.o)
                0x0000617c                announcement_init
 .text.announcement_register_observer_callback
                0x00006186        0x6 contiki-sky.a(announcement.o)
                0x00006186                announcement_register_observer_callback
 .text.announcement_list
                0x0000618c        0xa contiki-sky.a(announcement.o)
                0x0000618c                announcement_list
 .text.announcement_heard
                0x00006196       0x42 contiki-sky.a(announcement.o)
                0x00006196                announcement_heard
 .text.adv_packet_sent
                0x000061d8        0x2 contiki-sky.a(broadcast-annou)
 .text.adv_packet_received
                0x000061da       0x66 contiki-sky.a(broadcast-annou)
 .text.set_timers
                0x00006240       0x4a contiki-sky.a(broadcast-annou)
 .text.send_timer
                0x0000628a       0x36 contiki-sky.a(broadcast-annou)
 .text.new_announcement
                0x000062c0       0x18 contiki-sky.a(broadcast-annou)
 .text.send_adv
                0x000062d8       0x66 contiki-sky.a(broadcast-annou)
 .text.broadcast_announcement_init
                0x0000633e       0x48 contiki-sky.a(broadcast-annou)
                0x0000633e                broadcast_announcement_init
 .text.sent_by_abc
                0x00006386       0x10 contiki-sky.a(broadcast.o)
 .text.recv_from_abc
                0x00006396       0x26 contiki-sky.a(broadcast.o)
 .text.broadcast_open
                0x000063bc       0x2a contiki-sky.a(broadcast.o)
                0x000063bc                broadcast_open
 .text.broadcast_send
                0x000063e6       0x1a contiki-sky.a(broadcast.o)
                0x000063e6                broadcast_send
 .text.abc_open
                0x00006400       0x26 contiki-sky.a(abc.o)
                0x00006400                abc_open
 .text.abc_send
                0x00006426        0x6 contiki-sky.a(abc.o)
                0x00006426                abc_send
 .text.abc_input
                0x0000642c        0xe contiki-sky.a(abc.o)
                0x0000642c                abc_input
 .text.abc_sent
                0x0000643a       0x10 contiki-sky.a(abc.o)
                0x0000643a                abc_sent
 .text.chameleon_init
                0x0000644a        0x6 contiki-sky.a(chameleon.o)
                0x0000644a                chameleon_init
 .text.chameleon_parse
                0x00006450       0x10 contiki-sky.a(chameleon.o)
                0x00006450                chameleon_parse
 .text.chameleon_create
                0x00006460       0x1c contiki-sky.a(chameleon.o)
                0x00006460                chameleon_create
 .text.chameleon_hdrsize
                0x0000647c        0x6 contiki-sky.a(chameleon.o)
                0x0000647c                chameleon_hdrsize
 .text.channel_init
                0x00006482        0xa contiki-sky.a(channel.o)
                0x00006482                channel_init
 .text.channel_open
                0x0000648c       0x10 contiki-sky.a(channel.o)
                0x0000648c                channel_open
 .text.channel_lookup
                0x0000649c       0x20 contiki-sky.a(channel.o)
                0x0000649c                channel_lookup
 .text.channel_set_attributes
                0x000064bc       0x24 contiki-sky.a(channel.o)
                0x000064bc                channel_set_attributes
 .text.header_size
                0x000064e0       0x16 contiki-sky.a(chameleon-bitop)
 .text.get_bits_in_byte
                0x000064f6       0x3a contiki-sky.a(chameleon-bitop)
                0x000064f6                get_bits_in_byte
 .text.get_bits
                0x00006530       0xa4 contiki-sky.a(chameleon-bitop)
                0x00006530                get_bits
 .text.unpack_header
                0x000065d4       0xd6 contiki-sky.a(chameleon-bitop)
 .text.set_bits_in_byte
                0x000066aa       0x2c contiki-sky.a(chameleon-bitop)
                0x000066aa                set_bits_in_byte
 .text.set_bits
                0x000066d6       0xd2 contiki-sky.a(chameleon-bitop)
                0x000066d6                set_bits
 .text.pack_header
                0x000067a8       0xbc contiki-sky.a(chameleon-bitop)
 .text.input_packet
                0x00006864        0x6 contiki-sky.a(csma.o)
 .text.on       0x0000686a        0x6 contiki-sky.a(csma.o)
 .text.off      0x00006870        0x6 contiki-sky.a(csma.o)
 .text.channel_check_interval
                0x00006876       0x10 contiki-sky.a(csma.o)
 .text.transmit_packet_list
                0x00006886       0x24 contiki-sky.a(csma.o)
 .text.send_packet
                0x000068aa      0x162 contiki-sky.a(csma.o)
 .text.init     0x00006a0c       0x1a contiki-sky.a(csma.o)
 .text.free_packet
                0x00006a26       0x98 contiki-sky.a(csma.o)
 .text.packet_sent
                0x00006abe      0x12e contiki-sky.a(csma.o)
 .text.duty_cycle
                0x00006bec        0x6 contiki-sky.a(contikimac.o)
 .text.init     0x00006bf2       0x2e contiki-sky.a(contikimac.o)
 .text.on       0x00006c20       0x1a contiki-sky.a(contikimac.o)
 .text.off      0x00006c3a       0x22 contiki-sky.a(contikimac.o)
 .text.recv_burst_off
                0x00006c5c        0xa contiki-sky.a(contikimac.o)
 .text.turn_off
                0x00006c66       0x20 contiki-sky.a(contikimac.o)
 .text.turn_on  0x00006c86       0x30 contiki-sky.a(contikimac.o)
 .text.schedule_powercycle_fixed.part.4
                0x00006cb6       0x36 contiki-sky.a(contikimac.o)
 .text.powercycle_turn_radio_off
                0x00006cec       0x30 contiki-sky.a(contikimac.o)
 .text.powercycle
                0x00006d1c      0x1da contiki-sky.a(contikimac.o)
 .text.input_packet
                0x00006ef6      0x128 contiki-sky.a(contikimac.o)
 .text.send_packet
                0x0000701e      0x2c4 contiki-sky.a(contikimac.o)
 .text.qsend_packet
                0x000072e2       0x28 contiki-sky.a(contikimac.o)
 .text.qsend_list
                0x0000730a       0x84 contiki-sky.a(contikimac.o)
 .text.send_packet
                0x0000738e       0x44 contiki-sky.a(phase.o)
 .text.phase_update
                0x000073d2       0x90 contiki-sky.a(phase.o)
                0x000073d2                phase_update
 .text.phase_wait
                0x00007462       0xf6 contiki-sky.a(phase.o)
                0x00007462                phase_wait
 .text.phase_init
                0x00007558       0x14 contiki-sky.a(phase.o)
                0x00007558                phase_init
 .text.call_process
                0x0000756c       0x4a contiki-sky.a(process.o)
 .text.exit_process
                0x000075b6       0x96 contiki-sky.a(process.o)
 .text.do_poll  0x0000764c       0x30 contiki-sky.a(process.o)
 .text.process_alloc_event
                0x0000767c        0xe contiki-sky.a(process.o)
                0x0000767c                process_alloc_event
 .text.process_init
                0x0000768a       0x1c contiki-sky.a(process.o)
                0x0000768a                process_init
 .text.process_run
                0x000076a6       0xa2 contiki-sky.a(process.o)
                0x000076a6                process_run
 .text.process_nevents
                0x00007748        0xe contiki-sky.a(process.o)
                0x00007748                process_nevents
 .text.process_post
                0x00007756       0x54 contiki-sky.a(process.o)
                0x00007756                process_post
 .text.process_post_synch
                0x000077aa       0x12 contiki-sky.a(process.o)
                0x000077aa                process_post_synch
 .text.process_start
                0x000077bc       0x32 contiki-sky.a(process.o)
                0x000077bc                process_start
 .text.process_poll
                0x000077ee       0x18 contiki-sky.a(process.o)
                0x000077ee                process_poll
 .text.autostart_start
                0x00007806       0x16 contiki-sky.a(autostart.o)
                0x00007806                autostart_start
 .text.compower_accumulate
                0x0000781c       0x72 contiki-sky.a(compower.o)
                0x0000781c                compower_accumulate
 .text.compower_clear
                0x0000788e       0x12 contiki-sky.a(compower.o)
                0x0000788e                compower_clear
 .text.compower_attrconv
                0x000078a0       0x10 contiki-sky.a(compower.o)
                0x000078a0                compower_attrconv
 .text.process_thread_serial_line_process
                0x000078b0       0x9c contiki-sky.a(serial-line.o)
 .text.serial_line_input_byte
                0x0000794c       0x4a contiki-sky.a(serial-line.o)
                0x0000794c                serial_line_input_byte
 .text.serial_line_init
                0x00007996       0x1c contiki-sky.a(serial-line.o)
                0x00007996                serial_line_init
 .text.memb_init
                0x000079b2       0x36 contiki-sky.a(memb.o)
                0x000079b2                memb_init
 .text.memb_alloc
                0x000079e8       0x3e contiki-sky.a(memb.o)
                0x000079e8                memb_alloc
 .text.memb_free
                0x00007a26       0x3a contiki-sky.a(memb.o)
                0x00007a26                memb_free
 .text.memb_inmemb
                0x00007a60       0x2e contiki-sky.a(memb.o)
                0x00007a60                memb_inmemb
 .text.timer_set
                0x00007a8e       0x1c contiki-sky.a(timer.o)
                0x00007a8e                timer_set
 .text.timer_reset
                0x00007aaa        0xe contiki-sky.a(timer.o)
                0x00007aaa                timer_reset
 .text.timer_expired
                0x00007ab8       0x2a contiki-sky.a(timer.o)
                0x00007ab8                timer_expired
 .text.list_init
                0x00007ae2        0x6 contiki-sky.a(list.o)
                0x00007ae2                list_init
 .text.list_head
                0x00007ae8        0x4 contiki-sky.a(list.o)
                0x00007ae8                list_head
 .text.list_tail
                0x00007aec       0x12 contiki-sky.a(list.o)
                0x00007aec                list_tail
 .text.list_remove
                0x00007afe       0x34 contiki-sky.a(list.o)
                0x00007afe                list_remove
 .text.list_push
                0x00007b32       0x1a contiki-sky.a(list.o)
                0x00007b32                list_push
 .text.list_add
                0x00007b4c       0x2a contiki-sky.a(list.o)
                0x00007b4c                list_add
 .text.list_length
                0x00007b76       0x10 contiki-sky.a(list.o)
                0x00007b76                list_length
 .text.list_item_next
                0x00007b86        0xc contiki-sky.a(list.o)
                0x00007b86                list_item_next
 .text.update_time
                0x00007b92       0x78 contiki-sky.a(etimer.o)
 .text.etimer_request_poll
                0x00007c0a        0xa contiki-sky.a(etimer.o)
                0x00007c0a                etimer_request_poll
 .text.process_thread_etimer_process
                0x00007c14       0xc8 contiki-sky.a(etimer.o)
 .text.add_timer
                0x00007cdc       0x40 contiki-sky.a(etimer.o)
 .text.etimer_set
                0x00007d1c       0x12 contiki-sky.a(etimer.o)
                0x00007d1c                etimer_set
 .text.etimer_reset
                0x00007d2e       0x12 contiki-sky.a(etimer.o)
                0x00007d2e                etimer_reset
 .text.etimer_pending
                0x00007d40        0xc contiki-sky.a(etimer.o)
                0x00007d40                etimer_pending
 .text.etimer_next_expiration_time
                0x00007d4c       0x16 contiki-sky.a(etimer.o)
                0x00007d4c                etimer_next_expiration_time
 .text.etimer_stop
                0x00007d62       0x3c contiki-sky.a(etimer.o)
                0x00007d62                etimer_stop
 .text.process_thread_ctimer_process
                0x00007d9e       0xa4 contiki-sky.a(ctimer.o)
 .text.ctimer_init
                0x00007e42       0x18 contiki-sky.a(ctimer.o)
                0x00007e42                ctimer_init
 .text.ctimer_set
                0x00007e5a       0x5a contiki-sky.a(ctimer.o)
                0x00007e5a                ctimer_set
 .text.ctimer_reset
                0x00007eb4       0x3a contiki-sky.a(ctimer.o)
                0x00007eb4                ctimer_reset
 .text.ctimer_stop
                0x00007eee       0x28 contiki-sky.a(ctimer.o)
                0x00007eee                ctimer_stop
 .text.energest_init
                0x00007f16       0x28 contiki-sky.a(energest.o)
                0x00007f16                energest_init
 .text.energest_type_time
                0x00007f3e       0x46 contiki-sky.a(energest.o)
                0x00007f3e                energest_type_time
 .text.energest_type_set
                0x00007f84        0xe contiki-sky.a(energest.o)
                0x00007f84                energest_type_set
 .text.energest_flush
                0x00007f92       0x48 contiki-sky.a(energest.o)
                0x00007f92                energest_flush
 .text.rtimer_init
                0x00007fda        0x6 contiki-sky.a(rtimer.o)
                0x00007fda                rtimer_init
 .text.rtimer_set
                0x00007fe0       0x24 contiki-sky.a(rtimer.o)
                0x00007fe0                rtimer_set
 .text.rtimer_run_next
                0x00008004       0x26 contiki-sky.a(rtimer.o)
                0x00008004                rtimer_run_next
 .text.random_init
                0x0000802a        0x6 contiki-sky.a(random.o)
                0x0000802a                random_init
 .text.random_rand
                0x00008030        0x6 contiki-sky.a(random.o)
                0x00008030                random_rand
 .text.ringbuf_init
                0x00008036       0x14 contiki-sky.a(ringbuf.o)
                0x00008036                ringbuf_init
 .text.ringbuf_put
                0x0000804a       0x38 contiki-sky.a(ringbuf.o)
                0x0000804a                ringbuf_put
 .text.ringbuf_get
                0x00008082       0x32 contiki-sky.a(ringbuf.o)
                0x00008082                ringbuf_get
 .text.index_from_key
                0x000080b4       0x40 contiki-sky.a(nbr-table.o)
 .text.item_from_key
                0x000080f4       0x34 contiki-sky.a(nbr-table.o)
 .text.nbr_set_bit
                0x00008128       0x8e contiki-sky.a(nbr-table.o)
 .text.index_from_lladdr
                0x000081b6       0x42 contiki-sky.a(nbr-table.o)
 .text.nbr_get_bit.constprop.0
                0x000081f8       0x62 contiki-sky.a(nbr-table.o)
 .text.nbr_table_register
                0x0000825a       0x28 contiki-sky.a(nbr-table.o)
                0x0000825a                nbr_table_register
 .text.nbr_table_add_lladdr
                0x00008282      0x144 contiki-sky.a(nbr-table.o)
                0x00008282                nbr_table_add_lladdr
 .text.nbr_table_get_from_lladdr
                0x000083c6       0x48 contiki-sky.a(nbr-table.o)
                0x000083c6                nbr_table_get_from_lladdr
 .text.nbr_table_remove
                0x0000840e       0x32 contiki-sky.a(nbr-table.o)
                0x0000840e                nbr_table_remove
 .text.packetbuf_copyto_hdr
                0x00008440       0x1c contiki-sky.a(packetbuf.o)
                0x00008440                packetbuf_copyto_hdr
 .text.packetbuf_copyto
                0x0000845c       0x52 contiki-sky.a(packetbuf.o)
                0x0000845c                packetbuf_copyto
 .text.packetbuf_hdr_remove
                0x000084ae        0x6 contiki-sky.a(packetbuf.o)
                0x000084ae                packetbuf_hdr_remove
 .text.packetbuf_hdrreduce
                0x000084b4       0x1a contiki-sky.a(packetbuf.o)
                0x000084b4                packetbuf_hdrreduce
 .text.packetbuf_set_datalen
                0x000084ce        0x6 contiki-sky.a(packetbuf.o)
                0x000084ce                packetbuf_set_datalen
 .text.packetbuf_dataptr
                0x000084d4        0xe contiki-sky.a(packetbuf.o)
                0x000084d4                packetbuf_dataptr
 .text.packetbuf_hdrptr
                0x000084e2        0xa contiki-sky.a(packetbuf.o)
                0x000084e2                packetbuf_hdrptr
 .text.packetbuf_is_reference
                0x000084ec        0xe contiki-sky.a(packetbuf.o)
                0x000084ec                packetbuf_is_reference
 .text.packetbuf_compact
                0x000084fa       0x48 contiki-sky.a(packetbuf.o)
                0x000084fa                packetbuf_compact
 .text.packetbuf_reference_ptr
                0x00008542        0x6 contiki-sky.a(packetbuf.o)
                0x00008542                packetbuf_reference_ptr
 .text.packetbuf_datalen
                0x00008548        0x6 contiki-sky.a(packetbuf.o)
                0x00008548                packetbuf_datalen
 .text.packetbuf_totlen
                0x0000854e       0x10 contiki-sky.a(packetbuf.o)
                0x0000854e                packetbuf_totlen
 .text.packetbuf_hdralloc
                0x0000855e       0x2e contiki-sky.a(packetbuf.o)
                0x0000855e                packetbuf_hdralloc
 .text.packetbuf_attr_clear
                0x0000858c       0x2c contiki-sky.a(packetbuf.o)
                0x0000858c                packetbuf_attr_clear
 .text.packetbuf_clear
                0x000085b8       0x1a contiki-sky.a(packetbuf.o)
                0x000085b8                packetbuf_clear
 .text.packetbuf_copyfrom
                0x000085d2       0x2e contiki-sky.a(packetbuf.o)
                0x000085d2                packetbuf_copyfrom
 .text.packetbuf_attr_copyto
                0x00008600       0x20 contiki-sky.a(packetbuf.o)
                0x00008600                packetbuf_attr_copyto
 .text.packetbuf_attr_copyfrom
                0x00008620       0x22 contiki-sky.a(packetbuf.o)
                0x00008620                packetbuf_attr_copyfrom
 .text.queuebuf_init
                0x00008642       0x1a contiki-sky.a(queuebuf.o)
                0x00008642                queuebuf_init
 .text.queuebuf_new_from_packetbuf
                0x0000865c       0x7e contiki-sky.a(queuebuf.o)
                0x0000865c                queuebuf_new_from_packetbuf
 .text.queuebuf_update_attr_from_packetbuf
                0x000086da       0x12 contiki-sky.a(queuebuf.o)
                0x000086da                queuebuf_update_attr_from_packetbuf
 .text.queuebuf_free
                0x000086ec       0x40 contiki-sky.a(queuebuf.o)
                0x000086ec                queuebuf_free
 .text.queuebuf_to_packetbuf
                0x0000872c       0x6e contiki-sky.a(queuebuf.o)
                0x0000872c                queuebuf_to_packetbuf
 .text.queuebuf_attr
                0x0000879a        0xe contiki-sky.a(queuebuf.o)
                0x0000879a                queuebuf_attr
 .text.init_platform
                0x000087a8        0xc contiki-sky.a(contiki-sky-pla)
                0x000087a8                init_platform
 .text.status   0x000087b4       0x16 contiki-sky.a(button-sensor.o)
 .text.configure
                0x000087ca       0x52 contiki-sky.a(button-sensor.o)
 .text.value    0x0000881c       0x22 contiki-sky.a(button-sensor.o)
 .text.irq_p2   0x0000883e       0x8a contiki-sky.a(button-sensor.o)
                0x0000883e                irq_p2
                0x0000883e                __isr_1
 .text.owreadb  0x000088c8       0x52 contiki-sky.a(ds2411.o)
 .text.ds2411_init
                0x0000891a      0x122 contiki-sky.a(ds2411.o)
                0x0000891a                ds2411_init
 .text.wait_ready
                0x00008a3c       0x50 contiki-sky.a(xmem.o)
 .text.xmem_init
                0x00008a8c       0x3e contiki-sky.a(xmem.o)
                0x00008a8c                xmem_init
 .text.xmem_pread
                0x00008aca       0xea contiki-sky.a(xmem.o)
                0x00008aca                xmem_pread
 .text.node_id_restore
                0x00008bb4       0x38 contiki-sky.a(node-id.o)
                0x00008bb4                node_id_restore
 .text.process_thread_sensors_process
                0x00008bec       0xbe contiki-sky.a(sensors.o)
 .text.sensors_changed
                0x00008caa       0x2a contiki-sky.a(sensors.o)
                0x00008caa                sensors_changed
 .text.strobe   0x00008cd4       0x20 contiki-sky.a(cc2420.o)
 .text.status   0x00008cf4       0x26 contiki-sky.a(cc2420.o)
 .text.getreg   0x00008d1a       0x54 contiki-sky.a(cc2420.o)
 .text.setreg   0x00008d6e       0x52 contiki-sky.a(cc2420.o)
 .text.set_txpower
                0x00008dc0       0x26 contiki-sky.a(cc2420.o)
 .text.cc2420_receiving_packet
                0x00008de6        0xe contiki-sky.a(cc2420.o)
 .text.pending_packet
                0x00008df4        0x8 contiki-sky.a(cc2420.o)
 .text.on       0x00008dfc       0x40 contiki-sky.a(cc2420.o)
 .text.flushrx  0x00008e3c       0x7a contiki-sky.a(cc2420.o)
 .text.off      0x00008eb6       0x72 contiki-sky.a(cc2420.o)
 .text.RELEASE_LOCK
                0x00008f28       0x28 contiki-sky.a(cc2420.o)
 .text.cc2420_prepare
                0x00008f50       0x8a contiki-sky.a(cc2420.o)
 .text.getrxdata
                0x00008fda       0x56 contiki-sky.a(cc2420.o)
 .text.cc2420_on
                0x00009030       0x22 contiki-sky.a(cc2420.o)
                0x00009030                cc2420_on
 .text.cc2420_off
                0x00009052       0x30 contiki-sky.a(cc2420.o)
                0x00009052                cc2420_off
 .text.cc2420_cca
                0x00009082       0x74 contiki-sky.a(cc2420.o)
 .text.cc2420_read
                0x000090f6       0xe6 contiki-sky.a(cc2420.o)
 .text.process_thread_cc2420_process
                0x000091dc       0x50 contiki-sky.a(cc2420.o)
 .text.cc2420_set_channel
                0x0000922c       0x78 contiki-sky.a(cc2420.o)
                0x0000922c                cc2420_set_channel
 .text.cc2420_set_pan_addr
                0x000092a4      0x14a contiki-sky.a(cc2420.o)
                0x000092a4                cc2420_set_pan_addr
 .text.cc2420_init
                0x000093ee       0xd0 contiki-sky.a(cc2420.o)
                0x000093ee                cc2420_init
 .text.cc2420_interrupt
                0x000094be       0x20 contiki-sky.a(cc2420.o)
                0x000094be                cc2420_interrupt
 .text.cc2420_get_txpower
                0x000094de       0x1e contiki-sky.a(cc2420.o)
                0x000094de                cc2420_get_txpower
 .text.cc2420_transmit
                0x000094fc      0x1a0 contiki-sky.a(cc2420.o)
 .text.cc2420_send
                0x0000969c       0x12 contiki-sky.a(cc2420.o)
 .text.cc2420_port1_interrupt
                0x000096ae       0x62 contiki-sky.a(cc2420-arch.o)
                0x000096ae                __isr_4
                0x000096ae                cc2420_port1_interrupt
 .text.cc2420_arch_init
                0x00009710       0x1a contiki-sky.a(cc2420-arch.o)
                0x00009710                cc2420_arch_init
 .text.handle_rxdma_timer
                0x0000972a       0x3a contiki-sky.a(uart1.o)
 .text.uart1_active
                0x00009764       0x1a contiki-sky.a(uart1.o)
                0x00009764                uart1_active
 .text.uart1_set_input
                0x0000977e       0x20 contiki-sky.a(uart1.o)
                0x0000977e                uart1_set_input
 .text.uart1_writeb
                0x0000979e       0x1a contiki-sky.a(uart1.o)
                0x0000979e                uart1_writeb
 .text.uart1_init
                0x000097b8       0xf6 contiki-sky.a(uart1.o)
                0x000097b8                uart1_init
 .text.putchar  0x000098ae       0x10 contiki-sky.a(uart1-putchar.o)
                0x000098ae                putchar
 .text.msp430_init_dco
                0x000098be       0x84 contiki-sky.a(msp430.o)
                0x000098be                msp430_init_dco
 .text.msp430_add_lpm_req
                0x00009942        0xc contiki-sky.a(msp430.o)
                0x00009942                msp430_add_lpm_req
 .text.msp430_cpu_init
                0x0000994e       0x2a contiki-sky.a(msp430.o)
                0x0000994e                msp430_cpu_init
 .text.splhigh_
                0x00009978        0x8 contiki-sky.a(msp430.o)
                0x00009978                splhigh_
 .text.msp430_sync_dco
                0x00009980       0x68 contiki-sky.a(msp430.o)
                0x00009980                msp430_sync_dco
 .text.timera1  0x000099e8       0xfe contiki-sky.a(clock.o)
                0x000099e8                __isr_5
                0x000099e8                timera1
 .text.clock_time
                0x00009ae6       0x1a contiki-sky.a(clock.o)
                0x00009ae6                clock_time
 .text.clock_init
                0x00009b00       0x28 contiki-sky.a(clock.o)
                0x00009b00                clock_init
 .text.clock_delay
                0x00009b28        0xc contiki-sky.a(clock.o)
                0x00009b28                clock_delay
 .text.show_leds
                0x00009b34      0x100 contiki-sky.a(leds.o)
 .text.leds_init
                0x00009c34        0xe contiki-sky.a(leds.o)
                0x00009c34                leds_init
 .text.leds_on  0x00009c42       0x14 contiki-sky.a(leds.o)
                0x00009c42                leds_on
 .text.leds_off
                0x00009c56       0x14 contiki-sky.a(leds.o)
                0x00009c56                leds_off
 .text.leds_arch_init
                0x00009c6a        0xe contiki-sky.a(leds-arch.o)
                0x00009c6a                leds_arch_init
 .text.leds_arch_set
                0x00009c78       0x3a contiki-sky.a(leds-arch.o)
                0x00009c78                leds_arch_set
 .text.watchdog_interrupt
                0x00009cb2        0x6 contiki-sky.a(watchdog.o)
                0x00009cb2                __isr_10
                0x00009cb2                watchdog_interrupt
 .text.watchdog_start
                0x00009cb8       0x14 contiki-sky.a(watchdog.o)
                0x00009cb8                watchdog_start
 .text.watchdog_periodic
                0x00009ccc       0x12 contiki-sky.a(watchdog.o)
                0x00009ccc                watchdog_periodic
 .text.watchdog_stop
                0x00009cde       0x16 contiki-sky.a(watchdog.o)
                0x00009cde                watchdog_stop
 .text.watchdog_init
                0x00009cf4       0x14 contiki-sky.a(watchdog.o)
                0x00009cf4                watchdog_init
 .text.rtimer_arch_init
                0x00009d08        0xe contiki-sky.a(rtimer-arch.o)
                0x00009d08                rtimer_arch_init
 .text.rtimer_arch_now
                0x00009d16        0xe contiki-sky.a(rtimer-arch.o)
                0x00009d16                rtimer_arch_now
 .text.timera0  0x00009d24       0x70 contiki-sky.a(rtimer-arch.o)
                0x00009d24                __isr_6
                0x00009d24                timera0
 .text.rtimer_arch_schedule
                0x00009d94        0x6 contiki-sky.a(rtimer-arch.o)
                0x00009d94                rtimer_arch_schedule
 .text.mac_call_sent_callback
                0x00009d9a       0x14 contiki-sky.a(mac.o)
                0x00009d9a                mac_call_sent_callback
 .text.parse    0x00009dae       0xaa contiki-sky.a(framer-802154.o)
 .text.create   0x00009e58      0x10a contiki-sky.a(framer-802154.o)
 .text.spi_init
                0x00009f62       0x32 contiki-sky.a(spi.o)
                0x00009f62                spi_init
 .text.field_len
                0x00009f94       0x98 contiki-sky.a(frame802154.o)
 .text.frame802154_hdrlen
                0x0000a02c       0x2e contiki-sky.a(frame802154.o)
                0x0000a02c                frame802154_hdrlen
 .text.frame802154_create
                0x0000a05a      0x172 contiki-sky.a(frame802154.o)
                0x0000a05a                frame802154_create
 .text.frame802154_parse
                0x0000a1cc      0x1e8 contiki-sky.a(frame802154.o)
                0x0000a1cc                frame802154_parse
 .text.libgcc   0x0000a3b4       0x2c /usr/bin/../lib/gcc/msp430/4.6.3/mmpy-16/libgcc.a(_mulsi3.o)
                0x0000a3b4                __mulsi3
 .text.libgcc   0x0000a3e0       0x22 /usr/bin/../lib/gcc/msp430/4.6.3/mmpy-16/libgcc.a(_udivmod16.o)
                0x0000a3e0                __udivhi3
                0x0000a3e0                __ext_udivmod16
                0x0000a3fa                __umodhi3
 .text.libgcc   0x0000a402       0x3a /usr/bin/../lib/gcc/msp430/4.6.3/mmpy-16/libgcc.a(_divmod16.o)
                0x0000a402                __ext_divmod16
                0x0000a402                __divhi3
                0x0000a434                __modhi3
 .text.libgcc   0x0000a43c       0x40 /usr/bin/../lib/gcc/msp430/4.6.3/mmpy-16/libgcc.a(_udivmod32.o)
                0x0000a43c                __udivsi3
                0x0000a43c                __ext_udivmod32
                0x0000a472                __umodsi3
 .text          0x0000a47c       0x20 /usr/bin/../lib/gcc/msp430/4.6.3/../../../../msp430/lib/mmpy-16/libc.a(memcmp.o)
                0x0000a47c                memcmp
 .text          0x0000a49c       0xfa /usr/bin/../lib/gcc/msp430/4.6.3/../../../../msp430/lib/mmpy-16/libc.a(memcpy.o)
                0x0000a49c                memcpy
 .text          0x0000a596       0x6a /usr/bin/../lib/gcc/msp430/4.6.3/../../../../msp430/lib/mmpy-16/libc.a(memset.o)
                0x0000a596                memset
 .text          0x0000a600       0x1e /usr/bin/../lib/gcc/msp430/4.6.3/../../../../msp430/lib/mmpy-16/libc.a(printf.o)
                0x0000a600                printf
                0x0000a610                vprintf
 .text          0x0000a61e      0x836 /usr/bin/../lib/gcc/msp430/4.6.3/../../../../msp430/lib/mmpy-16/libc.a(vuprintf.o)
                0x0000a7b6                vuprintf
 .text          0x0000ae54       0x2c /usr/bin/../lib/gcc/msp430/4.6.3/../../../../msp430/lib/mmpy-16/libc.a(puts.o)
                0x0000ae54                puts
 .text          0x0000ae80       0x54 /usr/bin/../lib/gcc/msp430/4.6.3/../../../../msp430/lib/mmpy-16/libc.a(rand.o)
                0x0000ae80                rand_r
                0x0000aea4                rand
                0x0000aeca                srand
 .text.libgcc   0x0000aed4       0xf0 /usr/bin/../lib/gcc/msp430/4.6.3/mmpy-16/libgcc.a(_udivmod64.o)
                0x0000aed4                __xabi_udivmod64
                0x0000af32                __udivdi3
                0x0000af58                __umoddi3
                0x0000af86                __udivmoddi4
 .text.crt0     0x0000afc4        0x2 /usr/bin/../lib/gcc/msp430/4.6.3/mmpy-16/libcrt0.a(_unexpected_.o)
                0x0000afc4                _unexpected_
                0x0000afc6                . = ALIGN (0x2)

.rodata         0x0000afc6      0x542
                0x0000afc6                . = ALIGN (0x2)
 *(.rodata .rodata.* .gnu.linkonce.r.*)
 .rodata        0x0000afc6      0x3a0 hashsig-app.co
                0x0000b042                autostart_processes
                0x0000b05b                Rcon
                0x0000b066                rsbox
                0x0000b166                sbox
 .rodata        0x0000b366       0xd4 obj_sky/contiki-sky-main.o
 .rodata        0x0000b43a        0x2 contiki-sky.a(rimeaddr.o)
                0x0000b43a                rimeaddr_null
 .rodata        0x0000b43c        0xc contiki-sky.a(rime.o)
                0x0000b442                rime_driver
 .rodata        0x0000b448        0x4 contiki-sky.a(broadcast-annou)
 .rodata        0x0000b44c        0x8 contiki-sky.a(broadcast.o)
 .rodata        0x0000b454        0x2 contiki-sky.a(abc.o)
 .rodata        0x0000b456       0x10 contiki-sky.a(chameleon-bitop)
                0x0000b456                chameleon_bitopt
 .rodata        0x0000b466       0x14 contiki-sky.a(csma.o)
                0x0000b46c                csma_driver
 .rodata        0x0000b47a       0x1c contiki-sky.a(contikimac.o)
                0x0000b486                contikimac_driver
 .rodata        0x0000b496        0xe contiki-sky.a(serial-line.o)
 .rodata        0x0000b4a4        0xc contiki-sky.a(etimer.o)
 .rodata        0x0000b4b0        0xf contiki-sky.a(ctimer.o)
 *fill*         0x0000b4bf        0x1 00
 .rodata        0x0000b4c0       0x10 contiki-sky.a(button-sensor.o)
                0x0000b4c8                button_sensor
 .rodata        0x0000b4d0        0x8 contiki-sky.a(sensors.o)
 .rodata        0x0000b4d8       0x22 contiki-sky.a(cc2420.o)
                0x0000b4d8                cc2420_driver
 .rodata        0x0000b4fa        0x4 contiki-sky.a(framer-802154.o)
                0x0000b4fa                framer_802154
 .rodata        0x0000b4fe        0x2 contiki-sky.a(frame802154.o)
 .rodata        0x0000b500        0x7 /usr/bin/../lib/gcc/msp430/4.6.3/../../../../msp430/lib/mmpy-16/libc.a(vuprintf.o)
                0x0000b508                . = ALIGN (0x2)
 *fill*         0x0000b507        0x1 00
                0x0000b508                _etext = .

.data           0x00001100       0x9c load address 0x0000b508
                0x00001100                . = ALIGN (0x2)
                0x00001100                PROVIDE (__data_start, .)
 *(.data .data.* .gnu.linkonce.d.*)
 .data          0x00001100       0x18 hashsig-app.co
                0x00001100                bench_hashsig_process
                0x0000110a                M
 .data          0x00001118       0x18 contiki-sky.a(csma.o)
 .data          0x00001130       0x10 contiki-sky.a(phase.o)
 .data          0x00001140        0xa contiki-sky.a(serial-line.o)
                0x00001140                serial_line_process
 .data          0x0000114a        0xa contiki-sky.a(etimer.o)
                0x0000114a                etimer_process
 .data          0x00001154        0xa contiki-sky.a(ctimer.o)
                0x00001154                ctimer_process
 .data          0x0000115e        0x8 contiki-sky.a(nbr-table.o)
 .data          0x00001166       0x18 contiki-sky.a(queuebuf.o)
 .data          0x0000117e        0x4 contiki-sky.a(contiki-sky-pla)
                0x0000117e                sensors
 .data          0x00001182        0xa contiki-sky.a(sensors.o)
                0x00001182                sensors_process
 .data          0x0000118c        0xa contiki-sky.a(cc2420.o)
                0x0000118c                cc2420_process
 .data          0x00001196        0x2 contiki-sky.a(msp430.o)
 .data          0x00001198        0x4 /usr/bin/../lib/gcc/msp430/4.6.3/../../../../msp430/lib/mmpy-16/libc.a(rand.o)
                0x0000119c                . = ALIGN (0x2)
                0x0000119c                _edata = .
                0x0000b508                PROVIDE (__data_load_start, LOADADDR (.data))
                0x0000009c                PROVIDE (__data_size, SIZEOF (.data))

.bss            0x0000119c     0x1a38 load address 0x0000b5a4
                0x0000119c                PROVIDE (__bss_start, .)
 *(.bss .bss.*)
 .bss           0x0000119c       0x14 hashsig-app.co
                0x0000119c                pos
 .bss           0x000011b0        0xc obj_sky/contiki-sky-main.o
 .bss           0x000011bc        0x2 contiki-sky.a(rime.o)
 .bss           0x000011be        0x6 contiki-sky.a(announcement.o)
 .bss           0x000011c4       0x46 contiki-sky.a(broadcast-annou)
 .bss           0x0000120a        0x2 contiki-sky.a(channel.o)
 .bss           0x0000120c      0x126 contiki-sky.a(csma.o)
 .bss           0x00001332       0x74 contiki-sky.a(contikimac.o)
 .bss           0x000013a6      0x148 contiki-sky.a(phase.o)
 .bss           0x000014ee       0x42 contiki-sky.a(process.o)
                0x000014ee                process_current
                0x000014f0                process_list
 .bss           0x00001530        0x8 contiki-sky.a(compower.o)
 .bss           0x00001538      0x10a contiki-sky.a(serial-line.o)
 .bss           0x00001642        0x6 contiki-sky.a(etimer.o)
 .bss           0x00001648        0x4 contiki-sky.a(ctimer.o)
 .bss           0x0000164c        0x2 contiki-sky.a(rtimer.o)
 .bss           0x0000164e       0x4c contiki-sky.a(nbr-table.o)
 .bss           0x0000169a       0xba contiki-sky.a(packetbuf.o)
 .bss           0x00001754      0xc4e contiki-sky.a(queuebuf.o)
 .bss           0x000023a2        0x8 contiki-sky.a(button-sensor.o)
 .bss           0x000023aa        0x2 contiki-sky.a(node-id.o)
                0x000023aa                node_id
 .bss           0x000023ac        0x6 contiki-sky.a(sensors.o)
 .bss           0x000023b2        0xa contiki-sky.a(cc2420.o)
 .bss           0x000023bc       0x9a contiki-sky.a(uart1.o)
 .bss           0x00002456        0xa contiki-sky.a(clock.o)
 .bss           0x00002460        0x2 contiki-sky.a(leds.o)
 .bss           0x00002462        0x2 contiki-sky.a(watchdog.o)
 .bss           0x00002464        0x2 contiki-sky.a(framer-802154.o)
 *(COMMON)
 COMMON         0x00002466      0x6b0 hashsig-app.co
                0x00002466                h1
                0x00002476                authpath
                0x000024c6                aux
                0x000024d6                seedPos
                0x000024e6                state
                0x000025ce                h2
                0x000025de                pkey
                0x000025ee                seed
                0x000025fe                nodes
                0x00002626                currentLeaf
                0x0000263a                sponges
                0x000026d6                sig
 COMMON         0x00002b16        0x2 contiki-sky.a(rimeaddr.o)
                0x00002b16                rimeaddr_node_addr
 COMMON         0x00002b18        0x1 contiki-sky.a(process.o)
                0x00002b18                process_maxevents
 *fill*         0x00002b19        0x1 00
 COMMON         0x00002b1a        0x8 contiki-sky.a(compower.o)
                0x00002b1a                compower_idle_activity
 COMMON         0x00002b22        0x1 contiki-sky.a(serial-line.o)
                0x00002b22                serial_line_event_message
 *fill*         0x00002b23        0x1 00
 COMMON         0x00002b24       0x56 contiki-sky.a(energest.o)
                0x00002b24                energest_total_time
                0x00002b54                energest_total_count
                0x00002b56                energest_current_mode
                0x00002b62                energest_current_time
 COMMON         0x00002b7a       0x38 contiki-sky.a(packetbuf.o)
                0x00002b7a                packetbuf_addrs
                0x00002b82                packetbuf_attrs
 COMMON         0x00002bb2        0x2 contiki-sky.a(contiki-sky-pla)
                0x00002bb2                sensors_flags
 COMMON         0x00002bb4        0x8 contiki-sky.a(ds2411.o)
                0x00002bb4                ds2411_id
 COMMON         0x00002bbc        0x1 contiki-sky.a(sensors.o)
                0x00002bbc                sensors_event
 *fill*         0x00002bbd        0x1 00
 COMMON         0x00002bbe       0x14 contiki-sky.a(cc2420.o)
                0x00002bbe                cc2420_last_rssi
                0x00002bc0                cc2420_packets_read
                0x00002bc2                cc2420_packets_seen
                0x00002bc4                cc2420_sfd_start_time
                0x00002bc6                cc2420_time_of_departure
                0x00002bc8                cc2420_time_of_arrival
                0x00002bca                cc2420_last_correlation
                0x00002bcc                cc2420_authority_level_of_sender
                0x00002bce                cc2420_sfd_counter
                0x00002bd0                cc2420_sfd_end_time
 COMMON         0x00002bd2        0x2 contiki-sky.a(msp430.o)
                0x00002bd2                msp430_dco_required
                0x00002bd4                . = ALIGN (0x2)
                0x00002bd4                PROVIDE (__bss_end, .)
                0x00001a38                PROVIDE (__bss_size, SIZEOF (.bss))

.noinit         0x00002bd4        0x2 load address 0x0000b5a4
                0x00002bd4                PROVIDE (__noinit_start, .)
 *(.noinit .noinit.*)
 .noinit.crt0   0x00002bd4        0x2 /usr/bin/../lib/gcc/msp430/4.6.3/mmpy-16/libcrt0.a(__watchdog_support.o)
                0x00002bd4                __wdt_clear_value
                0x00002bd6                . = ALIGN (0x2)
                0x00002bd6                PROVIDE (__noinit_end, .)
                0x00002bd6                . = ALIGN (0x2)
                0x00002bd6                _end = .

.infomem        0x00001000        0x0
 *(.infomem)
                0x00001000                . = ALIGN (0x2)
 *(.infomem.*)

.infomemnobits  0x00001000        0x0
 *(.infomemnobits)
                0x00001000                . = ALIGN (0x2)
 *(.infomemnobits.*)

.infoa
 *(.infoa .infoa.*)

.infob
 *(.infob .infob.*)

.infoc
 *(.infoc .infoc.*)

.infod
 *(.infod .infod.*)

.vectors        0x0000ffe0       0x20
                0x0000ffe0                PROVIDE (__vectors_start, .)
 *(.vectors*)
 .vectors       0x0000ffe0       0x20 /usr/bin/../lib/gcc/msp430/4.6.3/mmpy-16/crt0ivtbl16.o
                0x0000ffe0                __ivtbl_16
                0x00010000                _vectors_end = .

.fartext        0x00000000        0x0
                0x00000000                . = ALIGN (0x2)
 *(.fartext)
                0x00000000                . = ALIGN (0x2)
 *(.fartext.*)
                0x00000000                _efartext = .

.profiler
 *(.profiler)

.stab
 *(.stab)

.stabstr
 *(.stabstr)

.stab.excl
 *(.stab.excl)

.stab.exclstr
 *(.stab.exclstr)

.stab.index
 *(.stab.index)

.stab.indexstr
 *(.stab.indexstr)

.comment
 *(.comment)

.debug
 *(.debug)

.line
 *(.line)

.debug_srcinfo
 *(.debug_srcinfo)

.debug_sfnames
 *(.debug_sfnames)

.debug_aranges  0x00000000      0x17c
 *(.debug_aranges)
 .debug_aranges
                0x00000000       0x14 /usr/bin/../lib/gcc/msp430/4.6.3/mmpy-16/libgcc.a(_mulsi3.o)
 .debug_aranges
                0x00000014       0x14 /usr/bin/../lib/gcc/msp430/4.6.3/mmpy-16/libgcc.a(_udivmod16.o)
 .debug_aranges
                0x00000028       0x14 /usr/bin/../lib/gcc/msp430/4.6.3/mmpy-16/libgcc.a(_divmod16.o)
 .debug_aranges
                0x0000003c       0x14 /usr/bin/../lib/gcc/msp430/4.6.3/mmpy-16/libgcc.a(_udivmod32.o)
 .debug_aranges
                0x00000050       0x14 /usr/bin/../lib/gcc/msp430/4.6.3/../../../../msp430/lib/mmpy-16/libc.a(strncmp.o)
 .debug_aranges
                0x00000064       0x14 /usr/bin/../lib/gcc/msp430/4.6.3/../../../../msp430/lib/mmpy-16/libc.a(memcmp.o)
 .debug_aranges
                0x00000078       0x14 /usr/bin/../lib/gcc/msp430/4.6.3/../../../../msp430/lib/mmpy-16/libc.a(memcpy.o)
 .debug_aranges
                0x0000008c       0x14 /usr/bin/../lib/gcc/msp430/4.6.3/../../../../msp430/lib/mmpy-16/libc.a(memset.o)
 .debug_aranges
                0x000000a0       0x14 /usr/bin/../lib/gcc/msp430/4.6.3/../../../../msp430/lib/mmpy-16/libc.a(printf.o)
 .debug_aranges
                0x000000b4       0x14 /usr/bin/../lib/gcc/msp430/4.6.3/../../../../msp430/lib/mmpy-16/libc.a(vuprintf.o)
 .debug_aranges
                0x000000c8       0x14 /usr/bin/../lib/gcc/msp430/4.6.3/../../../../msp430/lib/mmpy-16/libc.a(puts.o)
 .debug_aranges
                0x000000dc       0x14 /usr/bin/../lib/gcc/msp430/4.6.3/../../../../msp430/lib/mmpy-16/libc.a(rand.o)
 .debug_aranges
                0x000000f0       0x14 /usr/bin/../lib/gcc/msp430/4.6.3/mmpy-16/libgcc.a(_udivmod64.o)
 .debug_aranges
                0x00000104       0x14 /usr/bin/../lib/gcc/msp430/4.6.3/mmpy-16/libcrt0.a(__watchdog_support.o)
 .debug_aranges
                0x00000118       0x14 /usr/bin/../lib/gcc/msp430/4.6.3/mmpy-16/libcrt0.a(__init_stack.o)
 .debug_aranges
                0x0000012c       0x14 /usr/bin/../lib/gcc/msp430/4.6.3/mmpy-16/libcrt0.a(_copy_data.o)
 .debug_aranges
                0x00000140       0x14 /usr/bin/../lib/gcc/msp430/4.6.3/mmpy-16/libcrt0.a(_clear_bss.o)
 .debug_aranges
                0x00000154       0x14 /usr/bin/../lib/gcc/msp430/4.6.3/mmpy-16/libcrt0.a(_endless_loop__.o)
 .debug_aranges
                0x00000168       0x14 /usr/bin/../lib/gcc/msp430/4.6.3/mmpy-16/libcrt0.a(_unexpected_.o)

.debug_pubnames
 *(.debug_pubnames)

.debug_info     0x00000000     0x1319
 *(.debug_info)
 .debug_info    0x00000000       0xba /usr/bin/../lib/gcc/msp430/4.6.3/mmpy-16/libgcc.a(_mulsi3.o)
 .debug_info    0x000000ba       0xba /usr/bin/../lib/gcc/msp430/4.6.3/mmpy-16/libgcc.a(_udivmod16.o)
 .debug_info    0x00000174       0xba /usr/bin/../lib/gcc/msp430/4.6.3/mmpy-16/libgcc.a(_divmod16.o)
 .debug_info    0x0000022e       0xba /usr/bin/../lib/gcc/msp430/4.6.3/mmpy-16/libgcc.a(_udivmod32.o)
 .debug_info    0x000002e8       0xbb /usr/bin/../lib/gcc/msp430/4.6.3/../../../../msp430/lib/mmpy-16/libc.a(strncmp.o)
 .debug_info    0x000003a3       0xe8 /usr/bin/../lib/gcc/msp430/4.6.3/../../../../msp430/lib/mmpy-16/libc.a(memcmp.o)
 .debug_info    0x0000048b      0x113 /usr/bin/../lib/gcc/msp430/4.6.3/../../../../msp430/lib/mmpy-16/libc.a(memcpy.o)
 .debug_info    0x0000059e       0xfe /usr/bin/../lib/gcc/msp430/4.6.3/../../../../msp430/lib/mmpy-16/libc.a(memset.o)
 .debug_info    0x0000069c      0x105 /usr/bin/../lib/gcc/msp430/4.6.3/../../../../msp430/lib/mmpy-16/libc.a(printf.o)
 .debug_info    0x000007a1      0x565 /usr/bin/../lib/gcc/msp430/4.6.3/../../../../msp430/lib/mmpy-16/libc.a(vuprintf.o)
 .debug_info    0x00000d06       0x96 /usr/bin/../lib/gcc/msp430/4.6.3/../../../../msp430/lib/mmpy-16/libc.a(puts.o)
 .debug_info    0x00000d9c      0x13f /usr/bin/../lib/gcc/msp430/4.6.3/../../../../msp430/lib/mmpy-16/libc.a(rand.o)
 .debug_info    0x00000edb       0xba /usr/bin/../lib/gcc/msp430/4.6.3/mmpy-16/libgcc.a(_udivmod64.o)
 .debug_info    0x00000f95       0x96 /usr/bin/../lib/gcc/msp430/4.6.3/mmpy-16/libcrt0.a(__watchdog_support.o)
 .debug_info    0x0000102b       0x96 /usr/bin/../lib/gcc/msp430/4.6.3/mmpy-16/libcrt0.a(__init_stack.o)
 .debug_info    0x000010c1       0x96 /usr/bin/../lib/gcc/msp430/4.6.3/mmpy-16/libcrt0.a(_copy_data.o)
 .debug_info    0x00001157       0x96 /usr/bin/../lib/gcc/msp430/4.6.3/mmpy-16/libcrt0.a(_clear_bss.o)
 .debug_info    0x000011ed       0x96 /usr/bin/../lib/gcc/msp430/4.6.3/mmpy-16/libcrt0.a(_endless_loop__.o)
 .debug_info    0x00001283       0x96 /usr/bin/../lib/gcc/msp430/4.6.3/mmpy-16/libcrt0.a(_unexpected_.o)
 *(.gnu.linkonce.wi.*)

.debug_abbrev   0x00000000      0x735
 *(.debug_abbrev)
 .debug_abbrev  0x00000000       0x14 /usr/bin/../lib/gcc/msp430/4.6.3/mmpy-16/libgcc.a(_mulsi3.o)
 .debug_abbrev  0x00000014       0x14 /usr/bin/../lib/gcc/msp430/4.6.3/mmpy-16/libgcc.a(_udivmod16.o)
 .debug_abbrev  0x00000028       0x14 /usr/bin/../lib/gcc/msp430/4.6.3/mmpy-16/libgcc.a(_divmod16.o)
 .debug_abbrev  0x0000003c       0x14 /usr/bin/../lib/gcc/msp430/4.6.3/mmpy-16/libgcc.a(_udivmod32.o)
 .debug_abbrev  0x00000050       0x7c /usr/bin/../lib/gcc/msp430/4.6.3/../../../../msp430/lib/mmpy-16/libc.a(strncmp.o)
 .debug_abbrev  0x000000cc       0x9b /usr/bin/../lib/gcc/msp430/4.6.3/../../../../msp430/lib/mmpy-16/libc.a(memcmp.o)
 .debug_abbrev  0x00000167       0x97 /usr/bin/../lib/gcc/msp430/4.6.3/../../../../msp430/lib/mmpy-16/libc.a(memcpy.o)
 .debug_abbrev  0x000001fe       0x9c /usr/bin/../lib/gcc/msp430/4.6.3/../../../../msp430/lib/mmpy-16/libc.a(memset.o)
 .debug_abbrev  0x0000029a       0xd0 /usr/bin/../lib/gcc/msp430/4.6.3/../../../../msp430/lib/mmpy-16/libc.a(printf.o)
 .debug_abbrev  0x0000036a      0x1ef /usr/bin/../lib/gcc/msp430/4.6.3/../../../../msp430/lib/mmpy-16/libc.a(vuprintf.o)
 .debug_abbrev  0x00000559       0x60 /usr/bin/../lib/gcc/msp430/4.6.3/../../../../msp430/lib/mmpy-16/libc.a(puts.o)
 .debug_abbrev  0x000005b9       0xf0 /usr/bin/../lib/gcc/msp430/4.6.3/../../../../msp430/lib/mmpy-16/libc.a(rand.o)
 .debug_abbrev  0x000006a9       0x14 /usr/bin/../lib/gcc/msp430/4.6.3/mmpy-16/libgcc.a(_udivmod64.o)
 .debug_abbrev  0x000006bd       0x14 /usr/bin/../lib/gcc/msp430/4.6.3/mmpy-16/libcrt0.a(__watchdog_support.o)
 .debug_abbrev  0x000006d1       0x14 /usr/bin/../lib/gcc/msp430/4.6.3/mmpy-16/libcrt0.a(__init_stack.o)
 .debug_abbrev  0x000006e5       0x14 /usr/bin/../lib/gcc/msp430/4.6.3/mmpy-16/libcrt0.a(_copy_data.o)
 .debug_abbrev  0x000006f9       0x14 /usr/bin/../lib/gcc/msp430/4.6.3/mmpy-16/libcrt0.a(_clear_bss.o)
 .debug_abbrev  0x0000070d       0x14 /usr/bin/../lib/gcc/msp430/4.6.3/mmpy-16/libcrt0.a(_endless_loop__.o)
 .debug_abbrev  0x00000721       0x14 /usr/bin/../lib/gcc/msp430/4.6.3/mmpy-16/libcrt0.a(_unexpected_.o)

.debug_line     0x00000000      0xc8b
 *(.debug_line)
 .debug_line    0x00000000       0x74 /usr/bin/../lib/gcc/msp430/4.6.3/mmpy-16/libgcc.a(_mulsi3.o)
 .debug_line    0x00000074       0x6d /usr/bin/../lib/gcc/msp430/4.6.3/mmpy-16/libgcc.a(_udivmod16.o)
 .debug_line    0x000000e1       0x78 /usr/bin/../lib/gcc/msp430/4.6.3/mmpy-16/libgcc.a(_divmod16.o)
 .debug_line    0x00000159       0x7c /usr/bin/../lib/gcc/msp430/4.6.3/mmpy-16/libgcc.a(_udivmod32.o)
 .debug_line    0x000001d5       0xba /usr/bin/../lib/gcc/msp430/4.6.3/../../../../msp430/lib/mmpy-16/libc.a(strncmp.o)
 .debug_line    0x0000028f       0xb8 /usr/bin/../lib/gcc/msp430/4.6.3/../../../../msp430/lib/mmpy-16/libc.a(memcmp.o)
 .debug_line    0x00000347      0x12e /usr/bin/../lib/gcc/msp430/4.6.3/../../../../msp430/lib/mmpy-16/libc.a(memcpy.o)
 .debug_line    0x00000475      0x10d /usr/bin/../lib/gcc/msp430/4.6.3/../../../../msp430/lib/mmpy-16/libc.a(memset.o)
 .debug_line    0x00000582       0xb7 /usr/bin/../lib/gcc/msp430/4.6.3/../../../../msp430/lib/mmpy-16/libc.a(printf.o)
 .debug_line    0x00000639      0x317 /usr/bin/../lib/gcc/msp430/4.6.3/../../../../msp430/lib/mmpy-16/libc.a(vuprintf.o)
 .debug_line    0x00000950       0x4d /usr/bin/../lib/gcc/msp430/4.6.3/../../../../msp430/lib/mmpy-16/libc.a(puts.o)
 .debug_line    0x0000099d       0x4f /usr/bin/../lib/gcc/msp430/4.6.3/../../../../msp430/lib/mmpy-16/libc.a(rand.o)
 .debug_line    0x000009ec       0xc2 /usr/bin/../lib/gcc/msp430/4.6.3/mmpy-16/libgcc.a(_udivmod64.o)
 .debug_line    0x00000aae       0x4f /usr/bin/../lib/gcc/msp430/4.6.3/mmpy-16/libcrt0.a(__watchdog_support.o)
 .debug_line    0x00000afd       0x4d /usr/bin/../lib/gcc/msp430/4.6.3/mmpy-16/libcrt0.a(__init_stack.o)
 .debug_line    0x00000b4a       0x53 /usr/bin/../lib/gcc/msp430/4.6.3/mmpy-16/libcrt0.a(_copy_data.o)
 .debug_line    0x00000b9d       0x53 /usr/bin/../lib/gcc/msp430/4.6.3/mmpy-16/libcrt0.a(_clear_bss.o)
 .debug_line    0x00000bf0       0x4e /usr/bin/../lib/gcc/msp430/4.6.3/mmpy-16/libcrt0.a(_endless_loop__.o)
 .debug_line    0x00000c3e       0x4d /usr/bin/../lib/gcc/msp430/4.6.3/mmpy-16/libcrt0.a(_unexpected_.o)

.debug_frame    0x00000000      0x1ec
 *(.debug_frame)
 .debug_frame   0x00000000       0x24 /usr/bin/../lib/gcc/msp430/4.6.3/../../../../msp430/lib/mmpy-16/libc.a(strncmp.o)
 .debug_frame   0x00000024       0x24 /usr/bin/../lib/gcc/msp430/4.6.3/../../../../msp430/lib/mmpy-16/libc.a(memcmp.o)
 .debug_frame   0x00000048       0x38 /usr/bin/../lib/gcc/msp430/4.6.3/../../../../msp430/lib/mmpy-16/libc.a(memcpy.o)
 .debug_frame   0x00000080       0x32 /usr/bin/../lib/gcc/msp430/4.6.3/../../../../msp430/lib/mmpy-16/libc.a(memset.o)
 .debug_frame   0x000000b2       0x2a /usr/bin/../lib/gcc/msp430/4.6.3/../../../../msp430/lib/mmpy-16/libc.a(printf.o)
 .debug_frame   0x000000dc       0xb0 /usr/bin/../lib/gcc/msp430/4.6.3/../../../../msp430/lib/mmpy-16/libc.a(vuprintf.o)
 .debug_frame   0x0000018c       0x24 /usr/bin/../lib/gcc/msp430/4.6.3/../../../../msp430/lib/mmpy-16/libc.a(puts.o)
 .debug_frame   0x000001b0       0x3c /usr/bin/../lib/gcc/msp430/4.6.3/../../../../msp430/lib/mmpy-16/libc.a(rand.o)

.debug_str      0x00000000      0x40d
 *(.debug_str)
 .debug_str     0x00000000       0xf5 /usr/bin/../lib/gcc/msp430/4.6.3/../../../../msp430/lib/mmpy-16/libc.a(strncmp.o)
                                0x12e (size before relaxing)
 .debug_str     0x000000f5       0x19 /usr/bin/../lib/gcc/msp430/4.6.3/../../../../msp430/lib/mmpy-16/libc.a(memcmp.o)
                                0x12c (size before relaxing)
 .debug_str     0x0000010e       0x34 /usr/bin/../lib/gcc/msp430/4.6.3/../../../../msp430/lib/mmpy-16/libc.a(memcpy.o)
                                0x147 (size before relaxing)
 .debug_str     0x00000142       0x26 /usr/bin/../lib/gcc/msp430/4.6.3/../../../../msp430/lib/mmpy-16/libc.a(memset.o)
                                0x145 (size before relaxing)
 .debug_str     0x00000168       0x40 /usr/bin/../lib/gcc/msp430/4.6.3/../../../../msp430/lib/mmpy-16/libc.a(printf.o)
                                0x15b (size before relaxing)
 .debug_str     0x000001a8      0x221 /usr/bin/../lib/gcc/msp430/4.6.3/../../../../msp430/lib/mmpy-16/libc.a(vuprintf.o)
                                0x3a6 (size before relaxing)
 .debug_str     0x000003c9       0x15 /usr/bin/../lib/gcc/msp430/4.6.3/../../../../msp430/lib/mmpy-16/libc.a(puts.o)
                                0x121 (size before relaxing)
 .debug_str     0x000003de       0x2f /usr/bin/../lib/gcc/msp430/4.6.3/../../../../msp430/lib/mmpy-16/libc.a(rand.o)
                                0x140 (size before relaxing)

.debug_loc      0x00000000      0xaf3
 *(.debug_loc)
 .debug_loc     0x00000000       0x38 /usr/bin/../lib/gcc/msp430/4.6.3/../../../../msp430/lib/mmpy-16/libc.a(strncmp.o)
 .debug_loc     0x00000038       0x5e /usr/bin/../lib/gcc/msp430/4.6.3/../../../../msp430/lib/mmpy-16/libc.a(memcmp.o)
 .debug_loc     0x00000096      0x1e9 /usr/bin/../lib/gcc/msp430/4.6.3/../../../../msp430/lib/mmpy-16/libc.a(memcpy.o)
 .debug_loc     0x0000027f       0xdb /usr/bin/../lib/gcc/msp430/4.6.3/../../../../msp430/lib/mmpy-16/libc.a(memset.o)
 .debug_loc     0x0000035a       0x38 /usr/bin/../lib/gcc/msp430/4.6.3/../../../../msp430/lib/mmpy-16/libc.a(printf.o)
 .debug_loc     0x00000392      0x70c /usr/bin/../lib/gcc/msp430/4.6.3/../../../../msp430/lib/mmpy-16/libc.a(vuprintf.o)
 .debug_loc     0x00000a9e       0x26 /usr/bin/../lib/gcc/msp430/4.6.3/../../../../msp430/lib/mmpy-16/libc.a(puts.o)
 .debug_loc     0x00000ac4       0x2f /usr/bin/../lib/gcc/msp430/4.6.3/../../../../msp430/lib/mmpy-16/libc.a(rand.o)

.debug_macinfo
 *(.debug_macinfo)

.debug_pubtypes
 *(.debug_pubtypes)

.debug_ranges   0x00000000       0x18
 *(.debug_ranges)
 .debug_ranges  0x00000000       0x18 /usr/bin/../lib/gcc/msp430/4.6.3/../../../../msp430/lib/mmpy-16/libc.a(vuprintf.o)
                0x00003900                PROVIDE (__stack, (ORIGIN (ram) + 0x2800))
                0x0000b508                PROVIDE (__data_start_rom, _etext)
                0x0000b5a4                PROVIDE (__data_end_rom, (_etext + SIZEOF (.data)))
OUTPUT(hashsig-app.sky elf32-msp430)
